Hardware report for portajohn
Generated at: 2026-06-12T14:10:12-05:00
Generated by: uid=1000(cwage) gid=1000(cwage) groups=1000(cwage),24(cdrom),25(floppy),27(sudo),29(audio),30(dip),44(video),46(plugdev),100(users),106(netdev),112(bluetooth),114(lpadmin),117(scanner)


===== Basic identity =====
$ hostname; hostname -f 2>/dev/null; uname -a; uptime; who -b 2>/dev/null || true

portajohn
portajohn.quietlife.net
Linux portajohn 6.1.0-39-686-pae #1 SMP PREEMPT_DYNAMIC Debian 6.1.148-1 (2025-08-26) i686 GNU/Linux
 14:10:12 up 12 min,  2 users,  load average: 1.31, 1.57, 1.17
         system boot  Sep 24 07:56


===== Debian and architecture =====
$ cat /etc/os-release 2>/dev/null; printf "\n"; dpkg --print-architecture 2>/dev/null; dpkg --print-foreign-architectures 2>/dev/null; getconf LONG_BIT 2>/dev/null

PRETTY_NAME="Debian GNU/Linux 12 (bookworm)"
NAME="Debian GNU/Linux"
VERSION_ID="12"
VERSION="12 (bookworm)"
VERSION_CODENAME=bookworm
ID=debian
HOME_URL="https://www.debian.org/"
SUPPORT_URL="https://www.debian.org/support"
BUG_REPORT_URL="https://bugs.debian.org/"

i386
32


===== Host details =====
$ hostnamectl

 Static hostname: portajohn
       Icon name: computer-laptop
         Chassis: laptop 💻


Operating System: Debian GNU/Linux 12 (bookworm)
          Kernel: Linux 6.1.0-39-686-pae
    Architecture: x86
 Hardware Vendor: ASUSTeK Computer INC.
  Hardware Model: 1005HA
Firmware Version: 1301


===== Kernel command line =====
$ cat /proc/cmdline

BOOT_IMAGE=/boot/vmlinuz-6.1.0-39-686-pae root=UUID=[redacted-uuid] ro quiet


===== CPU summary =====
$ lscpu; printf "\n--- /proc/cpuinfo ---\n"; cat /proc/cpuinfo

Architecture:                            i686
CPU op-mode(s):                          32-bit
Address sizes:                           32 bits physical, 32 bits virtual
Byte Order:                              Little Endian
CPU(s):                                  2
On-line CPU(s) list:                     0,1
Vendor ID:                               GenuineIntel
Model name:                              Intel(R) Atom(TM) CPU N270   @ 1.60GHz
CPU family:                              6
Model:                                   28
Thread(s) per core:                      2
Core(s) per socket:                      1
Socket(s):                               1
Stepping:                                2
CPU(s) scaling MHz:                      100%
CPU max MHz:                             1600.0000
CPU min MHz:                             800.0000
BogoMIPS:                                3199.71
Flags:                                   fpu vme de pse tsc msr pae mce cx8 apic sep mtrr pge mca cmov pat clflush dts acpi mmx fxsr sse sse2 ss ht tm pbe nx constant_tsc arch_perfmon pebs bts cpuid aperfmperf pni dtes64 monitor ds_cpl est tm2 ssse3 xtpr pdcm movbe lahf_lm dtherm
L1d cache:                               24 KiB (1 instance)
L1i cache:                               32 KiB (1 instance)
L2 cache:                                512 KiB (1 instance)
Vulnerability Gather data sampling:      Not affected
Vulnerability Indirect target selection: Not affected
Vulnerability Itlb multihit:             Not affected
Vulnerability L1tf:                      Not affected
Vulnerability Mds:                       Not affected
Vulnerability Meltdown:                  Not affected
Vulnerability Mmio stale data:           Not affected
Vulnerability Reg file data sampling:    Not affected
Vulnerability Retbleed:                  Not affected
Vulnerability Spec rstack overflow:      Not affected
Vulnerability Spec store bypass:         Not affected
Vulnerability Spectre v1:                Not affected
Vulnerability Spectre v2:                Not affected
Vulnerability Srbds:                     Not affected
Vulnerability Tsa:                       Not affected
Vulnerability Tsx async abort:           Not affected

--- /proc/cpuinfo ---
processor	: 0
vendor_id	: GenuineIntel
cpu family	: 6
model		: 28
model name	: Intel(R) Atom(TM) CPU N270   @ 1.60GHz
stepping	: 2
microcode	: 0x218
cpu MHz		: 1599.855
cache size	: 512 KB
physical id	: 0
siblings	: 2
core id		: 0
cpu cores	: 1
apicid		: 0
initial apicid	: 0
fdiv_bug	: no
f00f_bug	: no
coma_bug	: no
fpu		: yes
fpu_exception	: yes
cpuid level	: 10
wp		: yes
flags		: fpu vme de pse tsc msr pae mce cx8 apic sep mtrr pge mca cmov pat clflush dts acpi mmx fxsr sse sse2 ss ht tm pbe nx constant_tsc arch_perfmon pebs bts cpuid aperfmperf pni dtes64 monitor ds_cpl est tm2 ssse3 xtpr pdcm movbe lahf_lm dtherm
bugs		:
bogomips	: 3199.71
clflush size	: 64
cache_alignment	: 64
address sizes	: 32 bits physical, 32 bits virtual
power management:

processor	: 1
vendor_id	: GenuineIntel
cpu family	: 6
model		: 28
model name	: Intel(R) Atom(TM) CPU N270   @ 1.60GHz
stepping	: 2
microcode	: 0x218
cpu MHz		: 1599.887
cache size	: 512 KB
physical id	: 0
siblings	: 2
core id		: 0
cpu cores	: 1
apicid		: 1
initial apicid	: 1
fdiv_bug	: no
f00f_bug	: no
coma_bug	: no
fpu		: yes
fpu_exception	: yes
cpuid level	: 10
wp		: yes
flags		: fpu vme de pse tsc msr pae mce cx8 apic sep mtrr pge mca cmov pat clflush dts acpi mmx fxsr sse sse2 ss ht tm pbe nx constant_tsc arch_perfmon pebs bts cpuid aperfmperf pni dtes64 monitor ds_cpl est tm2 ssse3 xtpr pdcm movbe lahf_lm dtherm
bugs		:
bogomips	: 3199.71
clflush size	: 64
cache_alignment	: 64
address sizes	: 32 bits physical, 32 bits virtual
power management:



===== CPU frequency and governor =====
$ for p in /sys/devices/system/cpu/cpu[0-9]*; do echo "--- $p ---"; cat "$p/cpufreq/scaling_driver" "$p/cpufreq/scaling_governor" "$p/cpufreq/scaling_cur_freq" "$p/cpufreq/cpuinfo_min_freq" "$p/cpufreq/cpuinfo_max_freq" 2>/dev/null; done

--- /sys/devices/system/cpu/cpu0 ---
acpi-cpufreq
schedutil
1394960
800000
1600000
--- /sys/devices/system/cpu/cpu1 ---
acpi-cpufreq
schedutil
1599864
800000
1600000


===== Memory =====
$ free -h; printf "\n--- /proc/meminfo ---\n"; cat /proc/meminfo

               total        used        free      shared  buff/cache   available
Mem:           988Mi       675Mi        71Mi        32Mi       417Mi       313Mi
Swap:          974Mi       172Mi       802Mi

--- /proc/meminfo ---
MemTotal:        1012524 kB
MemFree:           73652 kB
MemAvailable:     321312 kB
Buffers:            8588 kB
Cached:           386404 kB
SwapCached:        30868 kB
Active:           214040 kB
Inactive:         614560 kB
Active(anon):      62104 kB
Inactive(anon):   409728 kB
Active(file):     151936 kB
Inactive(file):   204832 kB
Unevictable:        9280 kB
Mlocked:            5660 kB
HighTotal:        138888 kB
HighFree:           2832 kB
LowTotal:         873636 kB
LowFree:           70820 kB
SwapTotal:        998396 kB
SwapFree:         821244 kB
Zswap:                 0 kB
Zswapped:              0 kB
Dirty:             21584 kB
Writeback:           204 kB
AnonPages:        385164 kB
Mapped:           151288 kB
Shmem:             33060 kB
KReclaimable:      31956 kB
Slab:              61432 kB
SReclaimable:      31956 kB
SUnreclaim:        29476 kB
KernelStack:        3440 kB
PageTables:        14148 kB
SecPageTables:         0 kB
NFS_Unstable:          0 kB
Bounce:                0 kB
WritebackTmp:          0 kB
CommitLimit:     1504656 kB
Committed_AS:    3444752 kB
VmallocTotal:     122880 kB
VmallocUsed:       11024 kB
VmallocChunk:          0 kB
Percpu:              624 kB
HardwareCorrupted:     0 kB
AnonHugePages:     67584 kB
ShmemHugePages:        0 kB
ShmemPmdMapped:        0 kB
FileHugePages:         0 kB
FilePmdMapped:         0 kB
HugePages_Total:       0
HugePages_Free:        0
HugePages_Rsvd:        0
HugePages_Surp:        0
Hugepagesize:       2048 kB
Hugetlb:               0 kB
DirectMap4k:       71672 kB
DirectMap2M:      829440 kB


===== Swap and zram =====
$ swapon --show --bytes; printf "\n"; zramctl 2>/dev/null || true

NAME      TYPE            SIZE      USED PRIO
/dev/sda5 partition 1022357504 181665792   -2



===== Block devices =====
$ lsblk -e7 -O

ALIGNMENT DISC-ALN DAX DISC-GRAN DISC-MAX DISC-ZERO FSAVAIL FSROOTS FSSIZE FSTYPE FSUSED FSUSE% FSVER GROUP HCTL       HOTPLUG KNAME LABEL LOG-SEC MAJ:MIN MIN-IO MODE       MODEL          NAME   OPT-IO OWNER PARTFLAGS PARTLABEL PARTTYPE PARTTYPENAME         PARTUUID                             PATH      PHY-SEC PKNAME PTTYPE PTUUID                                RA RAND  REV RM RO ROTA RQ-SIZE SCHED       SERIAL                SIZE     START STATE   SUBSYSTEMS     MOUNTPOINT MOUNTPOINTS TRAN   TYPE UUID                                 VENDOR   WSAME WWN                ZONED ZONE-SZ ZONE-WGRAN ZONE-APP ZONE-NR ZONE-OMAX ZONE-AMAX
        0        0   0      512B       2G         0                                                   disk  0:0:0:0          0 sda             512   8:0      512 brw-rw---- M4-CT064M4SSD2 sda         0 root                                                                                         /dev/sda      512        dos    978ae1e9                             128    0 0002  0  0    0      64 mq-deadline [redacted-disk-serial] 59.6G           running block:scsi:pci                        sata   disk                                      ATA         0B [redacted-wwn] none       0B         0B       0B       0         0         0
        0        0   0      512B       2G         0   48.2G /        57.4G ext4     6.3G    11% 1.0   disk                   0 sda1            512   8:1      512 brw-rw----                |-sda1      0 root  0x80                0x83     Linux                978ae1e9-01                          /dev/sda1     512 sda    dos    978ae1e9                             128    0       0  0    0      64 mq-deadline                      58.7G      2048         block:scsi:pci /          /                  part [redacted-uuid]             0B [redacted-wwn] none       0B         0B       0B       0         0         0
        0        0   0      512B       2G         0                                                   disk                   0 sda2            512   8:2      512 brw-rw----                |-sda2      0 root                      0x5      Extended             978ae1e9-02                          /dev/sda2     512 sda    dos    cccccccc                             128    0       0  0    0      64 mq-deadline                         1K 123047934         block:scsi:pci                               part                                                  0B [redacted-wwn] none       0B         0B       0B       0         0         0
        0        0   0      512B       2G         0                        swap                 1     disk                   0 sda5            512   8:5      512 brw-rw----                `-sda5      0 root                      0x82     Linux swap / Solaris 978ae1e9-05                          /dev/sda5     512 sda    dos    978ae1e9                             128    0       0  0    0      64 mq-deadline                       975M 123047936         block:scsi:pci [SWAP]     [SWAP]             part [redacted-uuid]             0B [redacted-wwn] none       0B         0B       0B       0         0         0


===== Filesystems and mounts =====
$ df -hT; printf "\n--- findmnt ---\n"; findmnt -D

Filesystem     Type      Size  Used Avail Use% Mounted on
udev           devtmpfs  467M     0  467M   0% /dev
tmpfs          tmpfs      99M  1.4M   98M   2% /run
/dev/sda1      ext4       58G  6.4G   49G  12% /
tmpfs          tmpfs     495M     0  495M   0% /dev/shm
tmpfs          tmpfs     5.0M  8.0K  5.0M   1% /run/lock
tmpfs          tmpfs      99M   88K   99M   1% /run/user/1000

--- findmnt ---
SOURCE    FSTYPE        SIZE  USED  AVAIL USE% TARGET
udev      devtmpfs    466.5M     0 466.5M   0% /dev
tmpfs     tmpfs        98.9M  1.4M  97.5M   1% /run
/dev/sda1 ext4         57.4G  6.3G  48.2G  11% /
tmpfs     tmpfs       494.4M     0 494.4M   0% /dev/shm
tmpfs     tmpfs           5M    8K     5M   0% /run/lock
tmpfs     tmpfs        98.9M   88K  98.8M   0% /run/user/1000
portal    fuse.portal                          /run/user/1000/doc


===== Partition tables =====
$ sudo -n fdisk -l

Disk /dev/sda: 59.63 GiB, 64023257088 bytes, 125045424 sectors
Disk model: M4-CT064M4SSD2
Units: sectors of 1 * 512 = 512 bytes
Sector size (logical/physical): 512 bytes / 512 bytes
I/O size (minimum/optimal): 512 bytes / 512 bytes
Disklabel type: dos
Disk identifier: 0x978ae1e9

Device     Boot     Start       End   Sectors  Size Id Type
/dev/sda1  *         2048 123045887 123043840 58.7G 83 Linux
/dev/sda2       123047934 125044735   1996802  975M  5 Extended
/dev/sda5       123047936 125044735   1996800  975M 82 Linux swap / Solaris


===== ATA identify =====
hdparm is not installed or not in PATH.


===== SMART data =====
smartctl is not installed or not in PATH.


===== PCI devices with drivers =====
$ lspci -nnk

00:00.0 Host bridge [0600]: Intel Corporation Mobile 945GSE Express Memory Controller Hub [8086:27ac] (rev 03)
	Subsystem: ASUSTeK Computer Inc. Mobile 945GSE Express Memory Controller Hub [1043:8340]
00:02.0 VGA compatible controller [0300]: Intel Corporation Mobile 945GSE Express Integrated Graphics Controller [8086:27ae] (rev 03)
	Subsystem: ASUSTeK Computer Inc. Mobile 945GSE Express Integrated Graphics Controller [1043:8340]
	Kernel driver in use: i915
	Kernel modules: i915
00:02.1 Display controller [0380]: Intel Corporation Mobile 945GM/GMS/GME, 943/940GML Express Integrated Graphics Controller [8086:27a6] (rev 03)
	Subsystem: ASUSTeK Computer Inc. Mobile 945GM/GMS/GME, 943/940GML Express Integrated Graphics Controller [1043:8340]
00:1b.0 Audio device [0403]: Intel Corporation NM10/ICH7 Family High Definition Audio Controller [8086:27d8] (rev 02)
	Subsystem: ASUSTeK Computer Inc. NM10/ICH7 Family High Definition Audio Controller [1043:83ce]
	Kernel driver in use: snd_hda_intel
	Kernel modules: snd_hda_intel
00:1c.0 PCI bridge [0604]: Intel Corporation NM10/ICH7 Family PCI Express Port 1 [8086:27d0] (rev 02)
	Subsystem: ASUSTeK Computer Inc. NM10/ICH7 Family PCI Express Port 1 [1043:830f]
	Kernel driver in use: pcieport
00:1c.1 PCI bridge [0604]: Intel Corporation NM10/ICH7 Family PCI Express Port 2 [8086:27d2] (rev 02)
	Subsystem: ASUSTeK Computer Inc. NM10/ICH7 Family PCI Express Port 2 [1043:830f]
	Kernel driver in use: pcieport
00:1c.3 PCI bridge [0604]: Intel Corporation NM10/ICH7 Family PCI Express Port 4 [8086:27d6] (rev 02)
	Subsystem: ASUSTeK Computer Inc. NM10/ICH7 Family PCI Express Port 4 [1043:830f]
	Kernel driver in use: pcieport
00:1d.0 USB controller [0c03]: Intel Corporation NM10/ICH7 Family USB UHCI Controller #1 [8086:27c8] (rev 02)
	Subsystem: ASUSTeK Computer Inc. NM10/ICH7 Family USB UHCI Controller [1043:830f]
	Kernel driver in use: uhci_hcd
	Kernel modules: uhci_hcd
00:1d.1 USB controller [0c03]: Intel Corporation NM10/ICH7 Family USB UHCI Controller #2 [8086:27c9] (rev 02)
	Subsystem: ASUSTeK Computer Inc. NM10/ICH7 Family USB UHCI Controller [1043:830f]
	Kernel driver in use: uhci_hcd
	Kernel modules: uhci_hcd
00:1d.2 USB controller [0c03]: Intel Corporation NM10/ICH7 Family USB UHCI Controller #3 [8086:27ca] (rev 02)
	Subsystem: ASUSTeK Computer Inc. NM10/ICH7 Family USB UHCI Controller [1043:830f]
	Kernel driver in use: uhci_hcd
	Kernel modules: uhci_hcd
00:1d.3 USB controller [0c03]: Intel Corporation NM10/ICH7 Family USB UHCI Controller #4 [8086:27cb] (rev 02)
	Subsystem: ASUSTeK Computer Inc. NM10/ICH7 Family USB UHCI Controller [1043:830f]
	Kernel driver in use: uhci_hcd
	Kernel modules: uhci_hcd
00:1d.7 USB controller [0c03]: Intel Corporation NM10/ICH7 Family USB2 EHCI Controller [8086:27cc] (rev 02)
	Subsystem: ASUSTeK Computer Inc. NM10/ICH7 Family USB2 EHCI Controller [1043:830f]
	Kernel driver in use: ehci-pci
	Kernel modules: ehci_pci
00:1e.0 PCI bridge [0604]: Intel Corporation 82801 Mobile PCI Bridge [8086:2448] (rev e2)
	Subsystem: ASUSTeK Computer Inc. 82801 Mobile PCI Bridge [1043:830f]
00:1f.0 ISA bridge [0601]: Intel Corporation 82801GBM (ICH7-M) LPC Interface Bridge [8086:27b9] (rev 02)
	Subsystem: ASUSTeK Computer Inc. 82801GBM (ICH7-M) LPC Interface Bridge [1043:830f]
	Kernel driver in use: lpc_ich
	Kernel modules: intel_rng, lpc_ich, leds_ss4200
00:1f.2 SATA controller [0106]: Intel Corporation 82801GBM/GHM (ICH7-M Family) SATA Controller [AHCI mode] [8086:27c5] (rev 02)
	Subsystem: ASUSTeK Computer Inc. 82801GBM/GHM (ICH7-M Family) SATA Controller [AHCI mode] [1043:830f]
	Kernel driver in use: ahci
	Kernel modules: ahci
01:00.0 Ethernet controller [0200]: Qualcomm Atheros AR8132 Fast Ethernet [1969:1062] (rev c0)
	Subsystem: ASUSTeK Computer Inc. AR8132 Fast Ethernet [1043:838a]
	Kernel driver in use: atl1c
	Kernel modules: atl1c
02:00.0 Network controller [0280]: Qualcomm Atheros AR9285 Wireless Network Adapter (PCI-Express) [168c:002b] (rev 01)
	Subsystem: AzureWave AW-NE785 / AW-NE785H 802.11bgn Wireless Full or Half-size Mini PCIe Card [1a3b:1089]
	Kernel driver in use: ath9k
	Kernel modules: ath9k


===== Verbose PCI devices =====
$ sudo -n lspci -vvnn

00:00.0 Host bridge [0600]: Intel Corporation Mobile 945GSE Express Memory Controller Hub [8086:27ac] (rev 03)
	Subsystem: ASUSTeK Computer Inc. Mobile 945GSE Express Memory Controller Hub [1043:8340]
	Control: I/O- Mem+ BusMaster+ SpecCycle- MemWINV- VGASnoop- ParErr- Stepping- SERR- FastB2B- DisINTx-
	Status: Cap+ 66MHz- UDF- FastB2B+ ParErr- DEVSEL=fast >TAbort- <TAbort- <MAbort+ >SERR- <PERR- INTx-
	Latency: 0
	Capabilities: [e0] Vendor Specific Information: Len=09 <?>

00:02.0 VGA compatible controller [0300]: Intel Corporation Mobile 945GSE Express Integrated Graphics Controller [8086:27ae] (rev 03) (prog-if 00 [VGA controller])
	Subsystem: ASUSTeK Computer Inc. Mobile 945GSE Express Integrated Graphics Controller [1043:8340]
	Control: I/O+ Mem+ BusMaster+ SpecCycle- MemWINV- VGASnoop- ParErr- Stepping- SERR- FastB2B- DisINTx-
	Status: Cap+ 66MHz- UDF- FastB2B+ ParErr- DEVSEL=fast >TAbort- <TAbort- <MAbort- >SERR- <PERR- INTx-
	Latency: 0
	Interrupt: pin A routed to IRQ 16
	Region 0: Memory at f7e00000 (32-bit, non-prefetchable) [size=512K]
	Region 1: I/O ports at dc00 [size=8]
	Region 2: Memory at d0000000 (32-bit, prefetchable) [size=256M]
	Region 3: Memory at f7dc0000 (32-bit, non-prefetchable) [size=256K]
	Expansion ROM at 000c0000 [virtual] [disabled] [size=128K]
	Capabilities: [90] MSI: Enable- Count=1/1 Maskable- 64bit-
		Address: 00000000  Data: 0000
	Capabilities: [d0] Power Management version 2
		Flags: PMEClk- DSI+ D1- D2- AuxCurrent=0mA PME(D0-,D1-,D2-,D3hot-,D3cold-)
		Status: D0 NoSoftRst- PME-Enable- DSel=0 DScale=0 PME-
	Kernel driver in use: i915
	Kernel modules: i915

00:02.1 Display controller [0380]: Intel Corporation Mobile 945GM/GMS/GME, 943/940GML Express Integrated Graphics Controller [8086:27a6] (rev 03)
	Subsystem: ASUSTeK Computer Inc. Mobile 945GM/GMS/GME, 943/940GML Express Integrated Graphics Controller [1043:8340]
	Control: I/O+ Mem+ BusMaster+ SpecCycle- MemWINV- VGASnoop- ParErr- Stepping- SERR- FastB2B- DisINTx-
	Status: Cap+ 66MHz- UDF- FastB2B+ ParErr- DEVSEL=fast >TAbort- <TAbort- <MAbort- >SERR- <PERR- INTx-
	Latency: 0
	Region 0: Memory at f7e80000 (32-bit, non-prefetchable) [size=512K]
	Capabilities: [d0] Power Management version 2
		Flags: PMEClk- DSI+ D1- D2- AuxCurrent=0mA PME(D0-,D1-,D2-,D3hot-,D3cold-)
		Status: D0 NoSoftRst- PME-Enable- DSel=0 DScale=0 PME-

00:1b.0 Audio device [0403]: Intel Corporation NM10/ICH7 Family High Definition Audio Controller [8086:27d8] (rev 02)
	Subsystem: ASUSTeK Computer Inc. NM10/ICH7 Family High Definition Audio Controller [1043:83ce]
	Control: I/O- Mem+ BusMaster+ SpecCycle- MemWINV- VGASnoop- ParErr- Stepping- SERR- FastB2B- DisINTx+
	Status: Cap+ 66MHz- UDF- FastB2B- ParErr- DEVSEL=fast >TAbort- <TAbort- <MAbort- >SERR- <PERR- INTx-
	Latency: 0, Cache Line Size: 32 bytes
	Interrupt: pin A routed to IRQ 25
	Region 0: Memory at f7db8000 (64-bit, non-prefetchable) [size=16K]
	Capabilities: [50] Power Management version 2
		Flags: PMEClk- DSI- D1- D2- AuxCurrent=55mA PME(D0+,D1-,D2-,D3hot+,D3cold+)
		Status: D0 NoSoftRst- PME-Enable- DSel=0 DScale=0 PME-
	Capabilities: [60] MSI: Enable+ Count=1/1 Maskable- 64bit+
		Address: 00000000fee01004  Data: 0025
	Capabilities: [70] Express (v1) Root Complex Integrated Endpoint, MSI 00
		DevCap:	MaxPayload 128 bytes, PhantFunc 0
			ExtTag- RBE- FLReset-
		DevCtl:	CorrErr- NonFatalErr- FatalErr- UnsupReq-
			RlxdOrd- ExtTag- PhantFunc- AuxPwr- NoSnoop+
			MaxPayload 128 bytes, MaxReadReq 128 bytes
		DevSta:	CorrErr- NonFatalErr- FatalErr- UnsupReq- AuxPwr+ TransPend-
	Capabilities: [100 v1] Virtual Channel
		Caps:	LPEVC=0 RefClk=100ns PATEntryBits=1
		Arb:	Fixed- WRR32- WRR64- WRR128-
		Ctrl:	ArbSelect=Fixed
		Status:	InProgress-
		VC0:	Caps:	PATOffset=00 MaxTimeSlots=1 RejSnoopTrans-
			Arb:	Fixed- WRR32- WRR64- WRR128- TWRR128- WRR256-
			Ctrl:	Enable+ ID=0 ArbSelect=Fixed TC/VC=01
			Status:	NegoPending- InProgress-
		VC1:	Caps:	PATOffset=00 MaxTimeSlots=1 RejSnoopTrans-
			Arb:	Fixed- WRR32- WRR64- WRR128- TWRR128- WRR256-
			Ctrl:	Enable- ID=0 ArbSelect=Fixed TC/VC=00
			Status:	NegoPending- InProgress-
	Capabilities: [130 v1] Root Complex Link
		Desc:	PortNumber=0f ComponentID=00 EltType=Config
		Link0:	Desc:	TargetPort=00 TargetComponent=00 AssocRCRB- LinkType=MemMapped LinkValid+
			Addr:	00000000fed1c000
	Kernel driver in use: snd_hda_intel
	Kernel modules: snd_hda_intel

00:1c.0 PCI bridge [0604]: Intel Corporation NM10/ICH7 Family PCI Express Port 1 [8086:27d0] (rev 02) (prog-if 00 [Normal decode])
	Subsystem: ASUSTeK Computer Inc. NM10/ICH7 Family PCI Express Port 1 [1043:830f]
	Control: I/O+ Mem+ BusMaster+ SpecCycle- MemWINV- VGASnoop- ParErr- Stepping- SERR+ FastB2B- DisINTx-
	Status: Cap+ 66MHz- UDF- FastB2B- ParErr- DEVSEL=fast >TAbort- <TAbort- <MAbort- >SERR- <PERR- INTx-
	Latency: 0, Cache Line Size: 32 bytes
	Interrupt: pin A routed to IRQ 16
	Bus: primary=00, secondary=04, subordinate=04, sec-latency=0
	I/O behind bridge: 1000-1fff [size=4K] [16-bit]
	Memory behind bridge: 40000000-401fffff [size=2M] [32-bit]
	Prefetchable memory behind bridge: 40200000-403fffff [size=2M] [32-bit]
	Secondary status: 66MHz- FastB2B- ParErr- DEVSEL=fast >TAbort- <TAbort- <MAbort+ <SERR- <PERR-
	BridgeCtl: Parity- SERR+ NoISA- VGA- VGA16- MAbort- >Reset- FastB2B-
		PriDiscTmr- SecDiscTmr- DiscTmrStat- DiscTmrSERREn-
	Capabilities: [40] Express (v1) Root Port (Slot+), MSI 00
		DevCap:	MaxPayload 128 bytes, PhantFunc 0
			ExtTag- RBE-
		DevCtl:	CorrErr- NonFatalErr- FatalErr- UnsupReq-
			RlxdOrd- ExtTag- PhantFunc- AuxPwr- NoSnoop-
			MaxPayload 128 bytes, MaxReadReq 128 bytes
		DevSta:	CorrErr- NonFatalErr- FatalErr- UnsupReq- AuxPwr+ TransPend-
		LnkCap:	Port #1, Speed 2.5GT/s, Width x1, ASPM L0s L1, Exit Latency L0s <256ns, L1 <4us
			ClockPM- Surprise- LLActRep+ BwNot- ASPMOptComp-
		LnkCtl:	ASPM Disabled; RCB 64 bytes, Disabled- CommClk+
			ExtSynch- ClockPM- AutWidDis- BWInt- AutBWInt-
		LnkSta:	Speed 2.5GT/s, Width x0
			TrErr- Train- SlotClk+ DLActive- BWMgmt- ABWMgmt-
		SltCap:	AttnBtn- PwrCtrl- MRL- AttnInd- PwrInd- HotPlug+ Surprise+
			Slot #0, PowerLimit 0W; Interlock- NoCompl-
		SltCtl:	Enable: AttnBtn- PwrFlt- MRL- PresDet- CmdCplt- HPIrq- LinkChg-
			Control: AttnInd Unknown, PwrInd Unknown, Power- Interlock-
		SltSta:	Status: AttnBtn- PowerFlt- MRL- CmdCplt- PresDet- Interlock-
			Changed: MRL- PresDet- LinkState-
		RootCap: CRSVisible-
		RootCtl: ErrCorrectable- ErrNon-Fatal- ErrFatal- PMEIntEna- CRSVisible-
		RootSta: PME ReqID 0000, PMEStatus- PMEPending-
	Capabilities: [80] MSI: Enable- Count=1/1 Maskable- 64bit-
		Address: 00000000  Data: 0000
	Capabilities: [90] Subsystem: ASUSTeK Computer Inc. NM10/ICH7 Family PCI Express Port 1 [1043:830f]
	Capabilities: [a0] Power Management version 2
		Flags: PMEClk- DSI- D1- D2- AuxCurrent=0mA PME(D0+,D1-,D2-,D3hot+,D3cold+)
		Status: D0 NoSoftRst- PME-Enable- DSel=0 DScale=0 PME-
	Capabilities: [100 v1] Virtual Channel
		Caps:	LPEVC=0 RefClk=100ns PATEntryBits=1
		Arb:	Fixed+ WRR32- WRR64- WRR128-
		Ctrl:	ArbSelect=Fixed
		Status:	InProgress-
		VC0:	Caps:	PATOffset=00 MaxTimeSlots=1 RejSnoopTrans-
			Arb:	Fixed+ WRR32- WRR64- WRR128- TWRR128- WRR256-
			Ctrl:	Enable+ ID=0 ArbSelect=Fixed TC/VC=01
			Status:	NegoPending- InProgress-
		VC1:	Caps:	PATOffset=00 MaxTimeSlots=1 RejSnoopTrans-
			Arb:	Fixed+ WRR32- WRR64- WRR128- TWRR128- WRR256-
			Ctrl:	Enable- ID=0 ArbSelect=Fixed TC/VC=00
			Status:	NegoPending- InProgress-
	Capabilities: [180 v1] Root Complex Link
		Desc:	PortNumber=01 ComponentID=00 EltType=Config
		Link0:	Desc:	TargetPort=00 TargetComponent=00 AssocRCRB- LinkType=MemMapped LinkValid+
			Addr:	00000000fed1c001
	Kernel driver in use: pcieport

00:1c.1 PCI bridge [0604]: Intel Corporation NM10/ICH7 Family PCI Express Port 2 [8086:27d2] (rev 02) (prog-if 00 [Normal decode])
	Subsystem: ASUSTeK Computer Inc. NM10/ICH7 Family PCI Express Port 2 [1043:830f]
	Control: I/O+ Mem+ BusMaster+ SpecCycle- MemWINV- VGASnoop- ParErr- Stepping- SERR+ FastB2B- DisINTx-
	Status: Cap+ 66MHz- UDF- FastB2B- ParErr- DEVSEL=fast >TAbort- <TAbort- <MAbort- >SERR- <PERR- INTx-
	Latency: 0, Cache Line Size: 32 bytes
	Interrupt: pin B routed to IRQ 17
	Bus: primary=00, secondary=02, subordinate=03, sec-latency=0
	I/O behind bridge: 2000-2fff [size=4K] [16-bit]
	Memory behind bridge: f8000000-fbffffff [size=64M] [32-bit]
	Prefetchable memory behind bridge: f0000000-f6ffffff [size=112M] [32-bit]
	Secondary status: 66MHz- FastB2B- ParErr- DEVSEL=fast >TAbort- <TAbort- <MAbort+ <SERR- <PERR-
	BridgeCtl: Parity- SERR+ NoISA- VGA- VGA16- MAbort- >Reset- FastB2B-
		PriDiscTmr- SecDiscTmr- DiscTmrStat- DiscTmrSERREn-
	Capabilities: [40] Express (v1) Root Port (Slot+), MSI 00
		DevCap:	MaxPayload 128 bytes, PhantFunc 0
			ExtTag- RBE-
		DevCtl:	CorrErr- NonFatalErr- FatalErr- UnsupReq-
			RlxdOrd- ExtTag- PhantFunc- AuxPwr- NoSnoop-
			MaxPayload 128 bytes, MaxReadReq 128 bytes
		DevSta:	CorrErr+ NonFatalErr- FatalErr- UnsupReq- AuxPwr+ TransPend-
		LnkCap:	Port #2, Speed 2.5GT/s, Width x1, ASPM L0s L1, Exit Latency L0s <256ns, L1 <4us
			ClockPM- Surprise- LLActRep+ BwNot- ASPMOptComp-
		LnkCtl:	ASPM L1 Enabled; RCB 64 bytes, Disabled- CommClk+
			ExtSynch- ClockPM- AutWidDis- BWInt- AutBWInt-
		LnkSta:	Speed 2.5GT/s, Width x1
			TrErr- Train- SlotClk+ DLActive+ BWMgmt- ABWMgmt-
		SltCap:	AttnBtn- PwrCtrl- MRL- AttnInd- PwrInd- HotPlug+ Surprise+
			Slot #0, PowerLimit 0W; Interlock- NoCompl-
		SltCtl:	Enable: AttnBtn- PwrFlt- MRL- PresDet- CmdCplt- HPIrq- LinkChg-
			Control: AttnInd Unknown, PwrInd Unknown, Power- Interlock-
		SltSta:	Status: AttnBtn- PowerFlt- MRL- CmdCplt- PresDet+ Interlock-
			Changed: MRL- PresDet+ LinkState+
		RootCap: CRSVisible-
		RootCtl: ErrCorrectable- ErrNon-Fatal- ErrFatal- PMEIntEna- CRSVisible-
		RootSta: PME ReqID 0000, PMEStatus- PMEPending-
	Capabilities: [80] MSI: Enable- Count=1/1 Maskable- 64bit-
		Address: 00000000  Data: 0000
	Capabilities: [90] Subsystem: ASUSTeK Computer Inc. NM10/ICH7 Family PCI Express Port 2 [1043:830f]
	Capabilities: [a0] Power Management version 2
		Flags: PMEClk- DSI- D1- D2- AuxCurrent=0mA PME(D0+,D1-,D2-,D3hot+,D3cold+)
		Status: D0 NoSoftRst- PME-Enable- DSel=0 DScale=0 PME-
	Capabilities: [100 v1] Virtual Channel
		Caps:	LPEVC=0 RefClk=100ns PATEntryBits=1
		Arb:	Fixed+ WRR32- WRR64- WRR128-
		Ctrl:	ArbSelect=Fixed
		Status:	InProgress-
		VC0:	Caps:	PATOffset=00 MaxTimeSlots=1 RejSnoopTrans-
			Arb:	Fixed+ WRR32- WRR64- WRR128- TWRR128- WRR256-
			Ctrl:	Enable+ ID=0 ArbSelect=Fixed TC/VC=01
			Status:	NegoPending- InProgress-
		VC1:	Caps:	PATOffset=00 MaxTimeSlots=1 RejSnoopTrans-
			Arb:	Fixed+ WRR32- WRR64- WRR128- TWRR128- WRR256-
			Ctrl:	Enable- ID=0 ArbSelect=Fixed TC/VC=00
			Status:	NegoPending- InProgress-
	Capabilities: [180 v1] Root Complex Link
		Desc:	PortNumber=02 ComponentID=00 EltType=Config
		Link0:	Desc:	TargetPort=00 TargetComponent=00 AssocRCRB- LinkType=MemMapped LinkValid+
			Addr:	00000000fed1c001
	Kernel driver in use: pcieport

00:1c.3 PCI bridge [0604]: Intel Corporation NM10/ICH7 Family PCI Express Port 4 [8086:27d6] (rev 02) (prog-if 00 [Normal decode])
	Subsystem: ASUSTeK Computer Inc. NM10/ICH7 Family PCI Express Port 4 [1043:830f]
	Control: I/O+ Mem+ BusMaster+ SpecCycle- MemWINV- VGASnoop- ParErr- Stepping- SERR+ FastB2B- DisINTx-
	Status: Cap+ 66MHz- UDF- FastB2B- ParErr- DEVSEL=fast >TAbort- <TAbort- <MAbort- >SERR- <PERR- INTx-
	Latency: 0, Cache Line Size: 32 bytes
	Interrupt: pin D routed to IRQ 19
	Bus: primary=00, secondary=01, subordinate=01, sec-latency=0
	I/O behind bridge: e000-efff [size=4K] [16-bit]
	Memory behind bridge: f7f00000-f7ffffff [size=1M] [32-bit]
	Prefetchable memory behind bridge: 40400000-405fffff [size=2M] [32-bit]
	Secondary status: 66MHz- FastB2B- ParErr- DEVSEL=fast >TAbort- <TAbort- <MAbort+ <SERR- <PERR-
	BridgeCtl: Parity- SERR+ NoISA- VGA- VGA16- MAbort- >Reset- FastB2B-
		PriDiscTmr- SecDiscTmr- DiscTmrStat- DiscTmrSERREn-
	Capabilities: [40] Express (v1) Root Port (Slot+), MSI 00
		DevCap:	MaxPayload 128 bytes, PhantFunc 0
			ExtTag- RBE-
		DevCtl:	CorrErr- NonFatalErr- FatalErr- UnsupReq-
			RlxdOrd- ExtTag- PhantFunc- AuxPwr- NoSnoop-
			MaxPayload 128 bytes, MaxReadReq 128 bytes
		DevSta:	CorrErr- NonFatalErr- FatalErr- UnsupReq- AuxPwr+ TransPend-
		LnkCap:	Port #4, Speed 2.5GT/s, Width x1, ASPM L0s L1, Exit Latency L0s <256ns, L1 <4us
			ClockPM- Surprise- LLActRep+ BwNot- ASPMOptComp-
		LnkCtl:	ASPM L1 Enabled; RCB 64 bytes, Disabled- CommClk+
			ExtSynch- ClockPM- AutWidDis- BWInt- AutBWInt-
		LnkSta:	Speed 2.5GT/s, Width x1
			TrErr- Train- SlotClk+ DLActive+ BWMgmt- ABWMgmt-
		SltCap:	AttnBtn- PwrCtrl- MRL- AttnInd- PwrInd- HotPlug+ Surprise+
			Slot #0, PowerLimit 0W; Interlock- NoCompl-
		SltCtl:	Enable: AttnBtn- PwrFlt- MRL- PresDet- CmdCplt- HPIrq- LinkChg-
			Control: AttnInd Unknown, PwrInd Unknown, Power- Interlock-
		SltSta:	Status: AttnBtn- PowerFlt- MRL- CmdCplt- PresDet+ Interlock-
			Changed: MRL- PresDet+ LinkState+
		RootCap: CRSVisible-
		RootCtl: ErrCorrectable- ErrNon-Fatal- ErrFatal- PMEIntEna- CRSVisible-
		RootSta: PME ReqID 0000, PMEStatus- PMEPending-
	Capabilities: [80] MSI: Enable- Count=1/1 Maskable- 64bit-
		Address: 00000000  Data: 0000
	Capabilities: [90] Subsystem: ASUSTeK Computer Inc. NM10/ICH7 Family PCI Express Port 4 [1043:830f]
	Capabilities: [a0] Power Management version 2
		Flags: PMEClk- DSI- D1- D2- AuxCurrent=0mA PME(D0+,D1-,D2-,D3hot+,D3cold+)
		Status: D0 NoSoftRst- PME-Enable- DSel=0 DScale=0 PME-
	Capabilities: [100 v1] Virtual Channel
		Caps:	LPEVC=0 RefClk=100ns PATEntryBits=1
		Arb:	Fixed+ WRR32- WRR64- WRR128-
		Ctrl:	ArbSelect=Fixed
		Status:	InProgress-
		VC0:	Caps:	PATOffset=00 MaxTimeSlots=1 RejSnoopTrans-
			Arb:	Fixed+ WRR32- WRR64- WRR128- TWRR128- WRR256-
			Ctrl:	Enable+ ID=0 ArbSelect=Fixed TC/VC=01
			Status:	NegoPending- InProgress-
		VC1:	Caps:	PATOffset=00 MaxTimeSlots=1 RejSnoopTrans-
			Arb:	Fixed+ WRR32- WRR64- WRR128- TWRR128- WRR256-
			Ctrl:	Enable- ID=0 ArbSelect=Fixed TC/VC=00
			Status:	NegoPending- InProgress-
	Capabilities: [180 v1] Root Complex Link
		Desc:	PortNumber=04 ComponentID=00 EltType=Config
		Link0:	Desc:	TargetPort=00 TargetComponent=00 AssocRCRB- LinkType=MemMapped LinkValid+
			Addr:	00000000fed1c001
	Kernel driver in use: pcieport

00:1d.0 USB controller [0c03]: Intel Corporation NM10/ICH7 Family USB UHCI Controller #1 [8086:27c8] (rev 02) (prog-if 00 [UHCI])
	Subsystem: ASUSTeK Computer Inc. NM10/ICH7 Family USB UHCI Controller [1043:830f]
	Control: I/O+ Mem- BusMaster+ SpecCycle- MemWINV- VGASnoop- ParErr- Stepping- SERR- FastB2B- DisINTx-
	Status: Cap- 66MHz- UDF- FastB2B+ ParErr- DEVSEL=medium >TAbort- <TAbort- <MAbort- >SERR- <PERR- INTx-
	Latency: 0
	Interrupt: pin A routed to IRQ 23
	Region 4: I/O ports at d400 [size=32]
	Kernel driver in use: uhci_hcd
	Kernel modules: uhci_hcd

00:1d.1 USB controller [0c03]: Intel Corporation NM10/ICH7 Family USB UHCI Controller #2 [8086:27c9] (rev 02) (prog-if 00 [UHCI])
	Subsystem: ASUSTeK Computer Inc. NM10/ICH7 Family USB UHCI Controller [1043:830f]
	Control: I/O+ Mem- BusMaster+ SpecCycle- MemWINV- VGASnoop- ParErr- Stepping- SERR- FastB2B- DisINTx-
	Status: Cap- 66MHz- UDF- FastB2B+ ParErr- DEVSEL=medium >TAbort- <TAbort- <MAbort- >SERR- <PERR- INTx-
	Latency: 0
	Interrupt: pin B routed to IRQ 19
	Region 4: I/O ports at d480 [size=32]
	Kernel driver in use: uhci_hcd
	Kernel modules: uhci_hcd

00:1d.2 USB controller [0c03]: Intel Corporation NM10/ICH7 Family USB UHCI Controller #3 [8086:27ca] (rev 02) (prog-if 00 [UHCI])
	Subsystem: ASUSTeK Computer Inc. NM10/ICH7 Family USB UHCI Controller [1043:830f]
	Control: I/O+ Mem- BusMaster+ SpecCycle- MemWINV- VGASnoop- ParErr- Stepping- SERR- FastB2B- DisINTx-
	Status: Cap- 66MHz- UDF- FastB2B+ ParErr- DEVSEL=medium >TAbort- <TAbort- <MAbort- >SERR- <PERR- INTx-
	Latency: 0
	Interrupt: pin C routed to IRQ 18
	Region 4: I/O ports at d800 [size=32]
	Kernel driver in use: uhci_hcd
	Kernel modules: uhci_hcd

00:1d.3 USB controller [0c03]: Intel Corporation NM10/ICH7 Family USB UHCI Controller #4 [8086:27cb] (rev 02) (prog-if 00 [UHCI])
	Subsystem: ASUSTeK Computer Inc. NM10/ICH7 Family USB UHCI Controller [1043:830f]
	Control: I/O+ Mem- BusMaster+ SpecCycle- MemWINV- VGASnoop- ParErr- Stepping- SERR- FastB2B- DisINTx-
	Status: Cap- 66MHz- UDF- FastB2B+ ParErr- DEVSEL=medium >TAbort- <TAbort- <MAbort- >SERR- <PERR- INTx-
	Latency: 0
	Interrupt: pin D routed to IRQ 16
	Region 4: I/O ports at d880 [size=32]
	Kernel driver in use: uhci_hcd
	Kernel modules: uhci_hcd

00:1d.7 USB controller [0c03]: Intel Corporation NM10/ICH7 Family USB2 EHCI Controller [8086:27cc] (rev 02) (prog-if 20 [EHCI])
	Subsystem: ASUSTeK Computer Inc. NM10/ICH7 Family USB2 EHCI Controller [1043:830f]
	Control: I/O- Mem+ BusMaster+ SpecCycle- MemWINV- VGASnoop- ParErr- Stepping- SERR+ FastB2B- DisINTx-
	Status: Cap+ 66MHz- UDF- FastB2B+ ParErr- DEVSEL=medium >TAbort- <TAbort- <MAbort- >SERR- <PERR- INTx-
	Latency: 0
	Interrupt: pin A routed to IRQ 23
	Region 0: Memory at f7db7c00 (32-bit, non-prefetchable) [size=1K]
	Capabilities: [50] Power Management version 2
		Flags: PMEClk- DSI- D1- D2- AuxCurrent=375mA PME(D0+,D1-,D2-,D3hot+,D3cold+)
		Status: D0 NoSoftRst- PME-Enable- DSel=0 DScale=0 PME-
	Capabilities: [58] Debug port: BAR=1 offset=00a0
	Kernel driver in use: ehci-pci
	Kernel modules: ehci_pci

00:1e.0 PCI bridge [0604]: Intel Corporation 82801 Mobile PCI Bridge [8086:2448] (rev e2) (prog-if 01 [Subtractive decode])
	Subsystem: ASUSTeK Computer Inc. 82801 Mobile PCI Bridge [1043:830f]
	Control: I/O- Mem- BusMaster+ SpecCycle- MemWINV- VGASnoop- ParErr- Stepping- SERR+ FastB2B- DisINTx-
	Status: Cap+ 66MHz- UDF- FastB2B- ParErr- DEVSEL=fast >TAbort- <TAbort- <MAbort- >SERR- <PERR- INTx-
	Latency: 0
	Bus: primary=00, secondary=05, subordinate=05, sec-latency=32
	I/O behind bridge: [disabled] [16-bit]
	Memory behind bridge: [disabled] [32-bit]
	Prefetchable memory behind bridge: [disabled] [64-bit]
	Secondary status: 66MHz- FastB2B+ ParErr- DEVSEL=medium >TAbort- <TAbort- <MAbort+ <SERR- <PERR-
	BridgeCtl: Parity- SERR+ NoISA- VGA- VGA16- MAbort- >Reset- FastB2B-
		PriDiscTmr- SecDiscTmr- DiscTmrStat- DiscTmrSERREn-
	Capabilities: [50] Subsystem: ASUSTeK Computer Inc. 82801 Mobile PCI Bridge [1043:830f]

00:1f.0 ISA bridge [0601]: Intel Corporation 82801GBM (ICH7-M) LPC Interface Bridge [8086:27b9] (rev 02)
	Subsystem: ASUSTeK Computer Inc. 82801GBM (ICH7-M) LPC Interface Bridge [1043:830f]
	Control: I/O+ Mem+ BusMaster+ SpecCycle- MemWINV- VGASnoop- ParErr- Stepping- SERR- FastB2B- DisINTx-
	Status: Cap+ 66MHz- UDF- FastB2B- ParErr- DEVSEL=medium >TAbort- <TAbort- <MAbort- >SERR- <PERR- INTx-
	Latency: 0
	Capabilities: [e0] Vendor Specific Information: Len=0c <?>
	Kernel driver in use: lpc_ich
	Kernel modules: intel_rng, lpc_ich, leds_ss4200

00:1f.2 SATA controller [0106]: Intel Corporation 82801GBM/GHM (ICH7-M Family) SATA Controller [AHCI mode] [8086:27c5] (rev 02) (prog-if 01 [AHCI 1.0])
	Subsystem: ASUSTeK Computer Inc. 82801GBM/GHM (ICH7-M Family) SATA Controller [AHCI mode] [1043:830f]
	Control: I/O+ Mem+ BusMaster+ SpecCycle- MemWINV- VGASnoop- ParErr- Stepping- SERR- FastB2B- DisINTx+
	Status: Cap+ 66MHz+ UDF- FastB2B+ ParErr- DEVSEL=medium >TAbort- <TAbort- <MAbort- >SERR- <PERR- INTx-
	Latency: 0
	Interrupt: pin B routed to IRQ 24
	Region 0: I/O ports at d080 [size=8]
	Region 1: I/O ports at d000 [size=4]
	Region 2: I/O ports at cc00 [size=8]
	Region 3: I/O ports at c880 [size=4]
	Region 4: I/O ports at c800 [size=16]
	Region 5: Memory at f7db7800 (32-bit, non-prefetchable) [size=1K]
	Capabilities: [80] MSI: Enable+ Count=1/1 Maskable- 64bit-
		Address: fee02004  Data: 0025
	Capabilities: [70] Power Management version 2
		Flags: PMEClk- DSI- D1- D2- AuxCurrent=0mA PME(D0-,D1-,D2-,D3hot+,D3cold-)
		Status: D0 NoSoftRst- PME-Enable- DSel=0 DScale=0 PME-
	Kernel driver in use: ahci
	Kernel modules: ahci

01:00.0 Ethernet controller [0200]: Qualcomm Atheros AR8132 Fast Ethernet [1969:1062] (rev c0)
	Subsystem: ASUSTeK Computer Inc. AR8132 Fast Ethernet [1043:838a]
	Control: I/O+ Mem+ BusMaster+ SpecCycle- MemWINV- VGASnoop- ParErr- Stepping- SERR- FastB2B- DisINTx-
	Status: Cap+ 66MHz- UDF- FastB2B- ParErr- DEVSEL=fast >TAbort- <TAbort- <MAbort- >SERR- <PERR- INTx-
	Latency: 0, Cache Line Size: 32 bytes
	Interrupt: pin A routed to IRQ 26
	Region 0: Memory at f7fc0000 (64-bit, non-prefetchable) [size=256K]
	Region 2: I/O ports at ec00 [size=128]
	Capabilities: [40] Power Management version 3
		Flags: PMEClk- DSI- D1- D2- AuxCurrent=375mA PME(D0+,D1+,D2+,D3hot+,D3cold+)
		Status: D0 NoSoftRst+ PME-Enable- DSel=0 DScale=0 PME-
	Capabilities: [48] MSI: Enable+ Count=1/1 Maskable- 64bit+
		Address: 00000000fee01004  Data: 0026
	Capabilities: [58] Express (v1) Endpoint, MSI 00
		DevCap:	MaxPayload 4096 bytes, PhantFunc 0, Latency L0s <4us, L1 unlimited
			ExtTag- AttnBtn+ AttnInd+ PwrInd+ RBE+ FLReset- SlotPowerLimit 0W
		DevCtl:	CorrErr- NonFatalErr- FatalErr- UnsupReq-
			RlxdOrd- ExtTag- PhantFunc- AuxPwr- NoSnoop-
			MaxPayload 128 bytes, MaxReadReq 512 bytes
		DevSta:	CorrErr+ NonFatalErr+ FatalErr- UnsupReq- AuxPwr+ TransPend-
		LnkCap:	Port #0, Speed 2.5GT/s, Width x1, ASPM L0s L1, Exit Latency L0s unlimited, L1 unlimited
			ClockPM+ Surprise- LLActRep- BwNot- ASPMOptComp-
		LnkCtl:	ASPM L1 Enabled; RCB 64 bytes, Disabled- CommClk+
			ExtSynch- ClockPM- AutWidDis- BWInt- AutBWInt-
		LnkSta:	Speed 2.5GT/s, Width x1
			TrErr- Train- SlotClk+ DLActive- BWMgmt- ABWMgmt-
	Capabilities: [6c] Vital Product Data
		Not readable
	Capabilities: [100 v1] Advanced Error Reporting
		UESta:	DLP- SDES- TLP- FCP- CmpltTO- CmpltAbrt+ UnxCmplt- RxOF- MalfTLP- ECRC- UnsupReq+ ACSViol-
		UEMsk:	DLP- SDES- TLP- FCP- CmpltTO- CmpltAbrt- UnxCmplt- RxOF- MalfTLP- ECRC- UnsupReq- ACSViol-
		UESvrt:	DLP- SDES+ TLP- FCP- CmpltTO- CmpltAbrt- UnxCmplt- RxOF+ MalfTLP+ ECRC- UnsupReq- ACSViol-
		CESta:	RxErr+ BadTLP+ BadDLLP+ Rollover- Timeout- AdvNonFatalErr-
		CEMsk:	RxErr- BadTLP- BadDLLP- Rollover- Timeout- AdvNonFatalErr+
		AERCap:	First Error Pointer: 14, ECRCGenCap+ ECRCGenEn- ECRCChkCap+ ECRCChkEn-
			MultHdrRecCap- MultHdrRecEn- TLPPfxPres- HdrLogCap-
		HeaderLog: 00000001 00000803 f7fbc000 00000000
	Capabilities: [180 v1] Device Serial Number ff-b2-4a-68-e0-cb-4e-ff
	Kernel driver in use: atl1c
	Kernel modules: atl1c

02:00.0 Network controller [0280]: Qualcomm Atheros AR9285 Wireless Network Adapter (PCI-Express) [168c:002b] (rev 01)
	Subsystem: AzureWave AW-NE785 / AW-NE785H 802.11bgn Wireless Full or Half-size Mini PCIe Card [1a3b:1089]
	Control: I/O+ Mem+ BusMaster+ SpecCycle- MemWINV- VGASnoop- ParErr- Stepping- SERR- FastB2B- DisINTx-
	Status: Cap+ 66MHz- UDF- FastB2B- ParErr- DEVSEL=fast >TAbort- <TAbort- <MAbort- >SERR- <PERR- INTx-
	Latency: 0, Cache Line Size: 32 bytes
	Interrupt: pin A routed to IRQ 17
	Region 0: Memory at fbff0000 (64-bit, non-prefetchable) [size=64K]
	Capabilities: [40] Power Management version 3
		Flags: PMEClk- DSI- D1+ D2- AuxCurrent=375mA PME(D0+,D1+,D2-,D3hot+,D3cold+)
		Status: D0 NoSoftRst- PME-Enable- DSel=0 DScale=0 PME-
	Capabilities: [50] MSI: Enable- Count=1/1 Maskable- 64bit-
		Address: 00000000  Data: 0000
	Capabilities: [60] Express (v2) Legacy Endpoint, MSI 00
		DevCap:	MaxPayload 128 bytes, PhantFunc 0, Latency L0s <512ns, L1 <64us
			ExtTag- AttnBtn- AttnInd- PwrInd- RBE+ FLReset-
		DevCtl:	CorrErr- NonFatalErr- FatalErr- UnsupReq-
			RlxdOrd+ ExtTag- PhantFunc- AuxPwr- NoSnoop-
			MaxPayload 128 bytes, MaxReadReq 512 bytes
		DevSta:	CorrErr+ NonFatalErr- FatalErr- UnsupReq+ AuxPwr+ TransPend-
		LnkCap:	Port #0, Speed 2.5GT/s, Width x1, ASPM L0s L1, Exit Latency L0s <512ns, L1 <64us
			ClockPM- Surprise- LLActRep- BwNot- ASPMOptComp-
		LnkCtl:	ASPM L1 Enabled; RCB 64 bytes, Disabled- CommClk+
			ExtSynch- ClockPM- AutWidDis- BWInt- AutBWInt-
		LnkSta:	Speed 2.5GT/s, Width x1
			TrErr- Train- SlotClk+ DLActive- BWMgmt- ABWMgmt-
		DevCap2: Completion Timeout: Not Supported, TimeoutDis+ NROPrPrP- LTR-
			 10BitTagComp- 10BitTagReq- OBFF Not Supported, ExtFmt- EETLPPrefix-
			 EmergencyPowerReduction Not Supported, EmergencyPowerReductionInit-
			 FRS-
			 AtomicOpsCap: 32bit- 64bit- 128bitCAS-
		DevCtl2: Completion Timeout: 50us to 50ms, TimeoutDis- LTR- 10BitTagReq- OBFF Disabled,
			 AtomicOpsCtl: ReqEn-
		LnkCtl2: Target Link Speed: 2.5GT/s, EnterCompliance- SpeedDis-
			 Transmit Margin: Normal Operating Range, EnterModifiedCompliance- ComplianceSOS-
			 Compliance Preset/De-emphasis: -6dB de-emphasis, 0dB preshoot
		LnkSta2: Current De-emphasis Level: -6dB, EqualizationComplete- EqualizationPhase1-
			 EqualizationPhase2- EqualizationPhase3- LinkEqualizationRequest-
			 Retimer- 2Retimers- CrosslinkRes: unsupported
	Capabilities: [100 v1] Advanced Error Reporting
		UESta:	DLP- SDES- TLP- FCP- CmpltTO- CmpltAbrt- UnxCmplt- RxOF- MalfTLP- ECRC- UnsupReq- ACSViol-
		UEMsk:	DLP- SDES- TLP- FCP- CmpltTO- CmpltAbrt- UnxCmplt- RxOF- MalfTLP- ECRC- UnsupReq- ACSViol-
		UESvrt:	DLP+ SDES+ TLP- FCP+ CmpltTO- CmpltAbrt- UnxCmplt- RxOF+ MalfTLP+ ECRC- UnsupReq- ACSViol-
		CESta:	RxErr- BadTLP- BadDLLP- Rollover- Timeout- AdvNonFatalErr+
		CEMsk:	RxErr- BadTLP- BadDLLP- Rollover- Timeout- AdvNonFatalErr+
		AERCap:	First Error Pointer: 00, ECRCGenCap+ ECRCGenEn- ECRCChkCap+ ECRCChkEn-
			MultHdrRecCap- MultHdrRecEn- TLPPfxPres- HdrLogCap-
		HeaderLog: 00000000 00000000 00000000 00000000
	Capabilities: [140 v1] Virtual Channel
		Caps:	LPEVC=0 RefClk=100ns PATEntryBits=1
		Arb:	Fixed- WRR32- WRR64- WRR128-
		Ctrl:	ArbSelect=Fixed
		Status:	InProgress-
		VC0:	Caps:	PATOffset=00 MaxTimeSlots=1 RejSnoopTrans-
			Arb:	Fixed- WRR32- WRR64- WRR128- TWRR128- WRR256-
			Ctrl:	Enable+ ID=0 ArbSelect=Fixed TC/VC=01
			Status:	NegoPending- InProgress-
	Capabilities: [160 v1] Device Serial Number 00-15-17-ff-ff-24-14-12
	Capabilities: [170 v1] Power Budgeting <?>
	Kernel driver in use: ath9k
	Kernel modules: ath9k



===== USB devices =====
$ lsusb; printf "\n--- tree ---\n"; lsusb -t

Bus 001 Device 002: ID 13d3:5108 IMC Networks USB 2.0 Camera
Bus 001 Device 001: ID 1d6b:0002 Linux Foundation 2.0 root hub
Bus 005 Device 001: ID 1d6b:0001 Linux Foundation 1.1 root hub
Bus 004 Device 001: ID 1d6b:0001 Linux Foundation 1.1 root hub
Bus 003 Device 001: ID 1d6b:0001 Linux Foundation 1.1 root hub
Bus 002 Device 001: ID 1d6b:0001 Linux Foundation 1.1 root hub

--- tree ---
/:  Bus 05.Port 1: Dev 1, Class=root_hub, Driver=uhci_hcd/2p, 12M
/:  Bus 04.Port 1: Dev 1, Class=root_hub, Driver=uhci_hcd/2p, 12M
/:  Bus 03.Port 1: Dev 1, Class=root_hub, Driver=uhci_hcd/2p, 12M
/:  Bus 02.Port 1: Dev 1, Class=root_hub, Driver=uhci_hcd/2p, 12M
/:  Bus 01.Port 1: Dev 1, Class=root_hub, Driver=ehci-pci/8p, 480M
    |__ Port 2: Dev 2, If 0, Class=Video, Driver=uvcvideo, 480M
    |__ Port 2: Dev 2, If 1, Class=Video, Driver=uvcvideo, 480M


===== DMI/BIOS =====
$ sudo -n dmidecode

# dmidecode 3.4
Getting SMBIOS data from sysfs.
SMBIOS 2.5 present.
30 structures occupying 1264 bytes.
Table at 0x000F0720.

Handle 0x0000, DMI type 0, 24 bytes
BIOS Information
	Vendor: American Megatrends Inc.
	Version: 1301
	Release Date: 01/05/2010
	Address: 0xF0000
	Runtime Size: 64 kB
	ROM Size: 512 kB
	Characteristics:
		ISA is supported
		PCI is supported
		PNP is supported
		APM is supported
		BIOS is upgradeable
		BIOS shadowing is allowed
		ESCD support is available
		Boot from CD is supported
		Selectable boot is supported
		BIOS ROM is socketed
		EDD is supported
		5.25"/1.2 MB floppy services are supported (int 13h)
		3.5"/720 kB floppy services are supported (int 13h)
		3.5"/2.88 MB floppy services are supported (int 13h)
		Print screen service is supported (int 5h)
		8042 keyboard services are supported (int 9h)
		Serial services are supported (int 14h)
		Printer services are supported (int 17h)
		CGA/mono video services are supported (int 10h)
		ACPI is supported
		USB legacy is supported
		LS-120 boot is supported
		ATAPI Zip drive boot is supported
		BIOS boot specification is supported
		Targeted content distribution is supported
	BIOS Revision: 8.12
	Firmware Revision: 0.34

Handle 0x0001, DMI type 1, 27 bytes
System Information
	Manufacturer: ASUSTeK Computer INC.
	Product Name: 1005HA
	Version: x.x


	Wake-up Type: Power Switch
	SKU Number: To Be Filled By O.E.M.
	Family: To Be Filled By O.E.M.

Handle 0x0002, DMI type 2, 15 bytes
Base Board Information
	Manufacturer: ASUSTeK Computer INC.
	Product Name: 1005HA
	Version: x.xx

	Asset Tag: To Be Filled By O.E.M.
	Features:
		Board is a hosting board
		Board is replaceable
	Location In Chassis: To Be Filled By O.E.M.
	Chassis Handle: 0x0003
	Type: Motherboard
	Contained Object Handles: 0

Handle 0x0003, DMI type 3, 21 bytes
Chassis Information
	Manufacturer: ASUSTeK Computer INC.
	Type: Notebook
	Lock: Present
	Version: x.x

	Asset Tag: 0x00000000
	Boot-up State: Safe
	Power Supply State: Safe
	Thermal State: Safe
	Security Status: None
	OEM Information: 0x00000000
	Height: Unspecified
	Number Of Power Cords: 1
	Contained Elements: 0

Handle 0x0004, DMI type 4, 35 bytes
Processor Information
	Socket Designation: PBGA 437
	Type: Central Processor
	Family: Core Solo
	Manufacturer: Intel
	ID: C2 06 01 00 FF FB E9 BF
	Signature: Type 0, Family 6, Model 28, Stepping 2
	Flags:
		FPU (Floating-point unit on-chip)
		VME (Virtual mode extension)
		DE (Debugging extension)
		PSE (Page size extension)
		TSC (Time stamp counter)
		MSR (Model specific registers)
		PAE (Physical address extension)
		MCE (Machine check exception)
		CX8 (CMPXCHG8 instruction supported)
		APIC (On-chip APIC hardware supported)
		SEP (Fast system call)
		MTRR (Memory type range registers)
		PGE (Page global enable)
		MCA (Machine check architecture)
		CMOV (Conditional move instruction supported)
		PAT (Page attribute table)
		CLFSH (CLFLUSH instruction supported)
		DS (Debug store)
		ACPI (ACPI supported)
		MMX (MMX technology supported)
		FXSR (FXSAVE and FXSTOR instructions supported)
		SSE (Streaming SIMD extensions)
		SSE2 (Streaming SIMD extensions 2)
		SS (Self-snoop)
		HTT (Multi-threading)
		TM (Thermal monitor supported)
		PBE (Pending break enabled)
	Version: Intel(R) Atom(TM) CPU N270   @ 1.60GHz
	Voltage: 1.3 V
	External Clock: 133 MHz
	Max Speed: 1600 MHz
	Current Speed: 1600 MHz
	Status: Populated, Enabled
	Upgrade: Other
	L1 Cache Handle: 0x0005
	L2 Cache Handle: 0x0006
	L3 Cache Handle: 0x0007

	Asset Tag: To Be Filled By O.E.M.
	Part Number: To Be Filled By O.E.M.

Handle 0x0005, DMI type 7, 19 bytes
Cache Information
	Socket Designation: L1-Cache
	Configuration: Enabled, Not Socketed, Level 1
	Operational Mode: Write Back
	Location: Internal
	Installed Size: 24 kB
	Maximum Size: 24 kB
	Supported SRAM Types:
		Other
	Installed SRAM Type: Other
	Speed: Unknown
	Error Correction Type: Parity
	System Type: Data
	Associativity: Other

Handle 0x0006, DMI type 7, 19 bytes
Cache Information
	Socket Designation: L2-Cache
	Configuration: Enabled, Not Socketed, Level 2
	Operational Mode: Write Back
	Location: Internal
	Installed Size: 512 kB
	Maximum Size: 512 kB
	Supported SRAM Types:
		Other
	Installed SRAM Type: Other
	Speed: Unknown
	Error Correction Type: Single-bit ECC
	System Type: Unified
	Associativity: 8-way Set-associative

Handle 0x0007, DMI type 7, 19 bytes
Cache Information
	Socket Designation: L3-Cache
	Configuration: Disabled, Not Socketed, Level 3
	Operational Mode: Unknown
	Location: Internal
	Installed Size: 0 kB
	Maximum Size: 0 kB
	Supported SRAM Types:
		Unknown
	Installed SRAM Type: Unknown
	Speed: Unknown
	Error Correction Type: Unknown
	System Type: Unknown
	Associativity: Unknown

Handle 0x0008, DMI type 5, 18 bytes
Memory Controller Information
	Error Detecting Method: 64-bit ECC
	Error Correcting Capabilities:
		None
	Supported Interleave: One-way Interleave
	Current Interleave: One-way Interleave
	Maximum Memory Module Size: 2048 MB
	Maximum Total Memory Size: 2048 MB
	Supported Speeds:
		Other
	Supported Memory Types:
		DIMM
		SDRAM
	Memory Module Voltage: 3.3 V
	Associated Memory Slots: 1
		0x0009
	Enabled Error Correcting Capabilities:
		None

Handle 0x0009, DMI type 6, 12 bytes
Memory Module Information
	Socket Designation: DIMM0
	Bank Connections: 0 1
	Current Speed: Unknown
	Type: DIMM SDRAM
	Installed Size: 1024 MB (Single-bank Connection)
	Enabled Size: 1024 MB (Single-bank Connection)
	Error Status: OK

Handle 0x000A, DMI type 8, 9 bytes
Port Connector Information
	Internal Reference Designator: J2A2
	Internal Connector Type: None
	External Reference Designator: USB1
	External Connector Type: Access Bus (USB)
	Port Type: USB

Handle 0x000B, DMI type 8, 9 bytes
Port Connector Information
	Internal Reference Designator: J2A2
	Internal Connector Type: None
	External Reference Designator: USB2
	External Connector Type: Access Bus (USB)
	Port Type: USB

Handle 0x000C, DMI type 8, 9 bytes
Port Connector Information
	Internal Reference Designator: J5A1
	Internal Connector Type: None
	External Reference Designator: USB3
	External Connector Type: Access Bus (USB)
	Port Type: USB

Handle 0x000D, DMI type 8, 9 bytes
Port Connector Information
	Internal Reference Designator: J5A1
	Internal Connector Type: None
	External Reference Designator: USB4
	External Connector Type: Access Bus (USB)
	Port Type: USB

Handle 0x000E, DMI type 8, 9 bytes
Port Connector Information
	Internal Reference Designator: J6A1
	Internal Connector Type: None
	External Reference Designator: Audio Mic In
	External Connector Type: Mini Jack (headphones)
	Port Type: Audio Port

Handle 0x000F, DMI type 8, 9 bytes
Port Connector Information
	Internal Reference Designator: J6A1
	Internal Connector Type: None
	External Reference Designator: Audio Line In
	External Connector Type: Mini Jack (headphones)
	Port Type: Audio Port

Handle 0x0010, DMI type 8, 9 bytes
Port Connector Information
	Internal Reference Designator: J6A1
	Internal Connector Type: None
	External Reference Designator: Audio Line Out
	External Connector Type: Mini Jack (headphones)
	Port Type: Audio Port

Handle 0x0011, DMI type 8, 9 bytes
Port Connector Information
	Internal Reference Designator: J5A1
	Internal Connector Type: None
	External Reference Designator: LAN
	External Connector Type: RJ-45
	Port Type: Network Port

Handle 0x0012, DMI type 8, 9 bytes
Port Connector Information
	Internal Reference Designator: J6J2 - PRI IDE
	Internal Connector Type: On Board IDE
	External Reference Designator: Not Specified
	External Connector Type: None
	Port Type: Other

Handle 0x0013, DMI type 8, 9 bytes
Port Connector Information
	Internal Reference Designator: J6J1 - SEC IDE
	Internal Connector Type: On Board IDE
	External Reference Designator: Not Specified
	External Connector Type: None
	Port Type: Other

Handle 0x0014, DMI type 10, 6 bytes
On Board Device Information
	Type: Video
	Status: Enabled
	Description:   To Be Filled By O.E.M.

Handle 0x0015, DMI type 11, 5 bytes
OEM Strings
	String 1: To Be Filled By O.E.M.
	String 2: 1041304202241301
	String 3: 90OAM1BTR11221K3U3XNQ
	String 4: 5

Handle 0x0016, DMI type 13, 22 bytes
BIOS Language Information
	Language Description Format: Abbreviated
	Installable Languages: 1
		en|US|iso8859-1
	Currently Installed Language: en|US|iso8859-1

Handle 0x0017, DMI type 15, 35 bytes
System Event Log
	Area Length: 4 bytes
	Header Start Offset: 0x0000
	Header Length: 2 bytes
	Data Start Offset: 0x0002
	Access Method: Indexed I/O, one 16-bit index port, one 8-bit data port
	Access Address: Index 0x046A, Data 0x046C
	Status: Invalid, Not Full
	Change Token: 0x00000000
	Header Format: No Header
	Supported Log Type Descriptors: 6
	Descriptor 1: End of log
	Data Format 1: OEM-specific
	Descriptor 2: End of log
	Data Format 2: OEM-specific
	Descriptor 3: End of log
	Data Format 3: OEM-specific
	Descriptor 4: End of log
	Data Format 4: OEM-specific
	Descriptor 5: End of log
	Data Format 5: OEM-specific
	Descriptor 6: End of log
	Data Format 6: OEM-specific

Handle 0x0018, DMI type 16, 15 bytes
Physical Memory Array
	Location: System Board Or Motherboard
	Use: System Memory
	Error Correction Type: None
	Maximum Capacity: 4 GB
	Error Information Handle: Not Provided
	Number Of Devices: 1

Handle 0x0019, DMI type 19, 15 bytes
Memory Array Mapped Address
	Starting Address: 0x00000000000
	Ending Address: 0x000400003FF
	Range Size: 1 GB
	Physical Array Handle: 0x0018
	Partition Width: 4

Handle 0x001A, DMI type 17, 27 bytes
Memory Device
	Array Handle: 0x0018
	Error Information Handle: Not Provided
	Total Width: 64 bits
	Data Width: 64 bits
	Size: 1 GB
	Form Factor: DIMM
	Set: None
	Locator: DIMM0
	Bank Locator: BANK0
	Type: SDRAM
	Type Detail: Synchronous
	Speed: Unknown
	Manufacturer: Manufacturer0

	Asset Tag: AssetTagNum0
	Part Number: PartNum0

Handle 0x001B, DMI type 20, 19 bytes
Memory Device Mapped Address
	Starting Address: 0x00000000000
	Ending Address: 0x0003FFFFFFF
	Range Size: 1 GB
	Physical Device Handle: 0x001A
	Memory Array Mapped Address Handle: 0x0019
	Partition Row Position: 1
	Interleaved Data Depth: 1

Handle 0x001C, DMI type 32, 20 bytes
System Boot Information
	Status: No errors detected

Handle 0x001D, DMI type 127, 4 bytes
End Of Table



===== lshw hardware tree =====
lshw is not installed or not in PATH.


===== inxi full report =====
inxi is not installed or not in PATH.


===== Battery and power supplies =====
$ for d in /sys/class/power_supply/*; do [ -e "$d" ] || continue; echo "--- $d ---"; for f in "$d"/*; do [ -f "$f" ] && printf "%s: %s\n" "$(basename "$f")" "$(cat "$f" 2>/dev/null)"; done; done

--- /sys/class/power_supply/AC0 ---
online: 1
type: Mains
uevent: POWER_SUPPLY_NAME=AC0
POWER_SUPPLY_TYPE=Mains
POWER_SUPPLY_ONLINE=1
--- /sys/class/power_supply/BAT0 ---
alarm: 0
capacity: 0
capacity_level: Normal
charge_full: 2210000
charge_full_design: 2150000
charge_now: 0
current_now: 0
cycle_count: 0
manufacturer: ASUS
model_name: 1005HA
present: 1

status: Charging
technology: Li-ion
type: Battery
uevent: POWER_SUPPLY_NAME=BAT0
POWER_SUPPLY_TYPE=Battery
POWER_SUPPLY_STATUS=Charging
POWER_SUPPLY_PRESENT=1
POWER_SUPPLY_TECHNOLOGY=Li-ion
POWER_SUPPLY_CYCLE_COUNT=0
POWER_SUPPLY_VOLTAGE_MIN_DESIGN=10800000
POWER_SUPPLY_VOLTAGE_NOW=1727000
POWER_SUPPLY_CURRENT_NOW=0
POWER_SUPPLY_CHARGE_FULL_DESIGN=2150000
POWER_SUPPLY_CHARGE_FULL=2210000
POWER_SUPPLY_CHARGE_NOW=0
POWER_SUPPLY_CAPACITY=0
POWER_SUPPLY_CAPACITY_LEVEL=Normal
POWER_SUPPLY_MODEL_NAME=1005HA
POWER_SUPPLY_MANUFACTURER=ASUS

voltage_min_design: 10800000
voltage_now: 1727000


===== upower devices =====
$ upower -d

Device: /org/freedesktop/UPower/devices/line_power_AC0
  native-path:          AC0
  power supply:         yes
  updated:              Tue Sep 23 22:23:43 2025 (22607191 seconds ago)
  has history:          no
  has statistics:       no
  line-power
    warning-level:       none
    online:              yes
    icon-name:          'ac-adapter-symbolic'

Device: /org/freedesktop/UPower/devices/battery_BAT0
  native-path:          BAT0
  vendor:               ASUS
  model:                1005HA
  power supply:         yes
  updated:              Fri Jun 12 14:10:08 2026 (6 seconds ago)
  has history:          yes
  has statistics:       yes
  battery
    present:             yes
    rechargeable:        yes
    state:               charging
    warning-level:       none
    energy:              0 Wh
    energy-empty:        0 Wh
    energy-full:         23.868 Wh
    energy-full-design:  23.22 Wh
    energy-rate:         0 W
    voltage:             1.727 V
    charge-cycles:       N/A
    percentage:          0%
    capacity:            100%
    technology:          lithium-ion
    icon-name:          'battery-caution-charging-symbolic'

Device: /org/freedesktop/UPower/devices/DisplayDevice
  power supply:         yes
  updated:              Tue Sep 23 22:23:43 2025 (22607191 seconds ago)
  has history:          no
  has statistics:       no
  battery
    present:             yes
    state:               charging
    warning-level:       none
    energy:              0 Wh
    energy-full:         23.868 Wh
    energy-rate:         0 W
    charge-cycles:       N/A
    percentage:          0%
    icon-name:          'battery-caution-charging-symbolic'

Daemon:
  daemon-version:  0.99.20
  on-battery:      no
  lid-is-closed:   no
  lid-is-present:  yes
  critical-action: HybridSleep


===== Sensors =====
sensors is not installed or not in PATH.


===== RF kill switches =====
rfkill is not installed or not in PATH.


===== Wireless hardware =====
$ iw dev; printf "\n--- iw list ---\n"; iw list

phy#0
	Interface wlp2s0
		ifindex 3
		wdev 0x1
		addr [redacted-mac]
		type managed
		channel 8 (2447 MHz), width: 20 MHz, center1: 2447 MHz
		txpower 15.00 dBm
		multicast TXQ:
			qsz-byt	qsz-pkt	flows	drops	marks	overlmt	hashcol	tx-bytes	tx-packets
			0	0	0	0	0	0	0	0		0

--- iw list ---
Wiphy phy0
	wiphy index: 0
	max # scan SSIDs: 4
	max scan IEs length: 2257 bytes
	max # sched scan SSIDs: 0
	max # match sets: 0
	Retry short limit: 7
	Retry long limit: 4
	Coverage class: 0 (up to 0m)
	Device supports RSN-IBSS.
	Device supports AP-side u-APSD.
	Device supports T-DLS.
	Supported Ciphers:
		* WEP40 (00-0f-ac:1)
		* WEP104 (00-0f-ac:5)
		* TKIP (00-0f-ac:2)
		* CCMP-128 (00-0f-ac:4)
		* CCMP-256 (00-0f-ac:10)
		* GCMP-128 (00-0f-ac:8)
		* GCMP-256 (00-0f-ac:9)
		* CMAC (00-0f-ac:6)
		* CMAC-256 (00-0f-ac:13)
		* GMAC-128 (00-0f-ac:11)
		* GMAC-256 (00-0f-ac:12)
	Available Antennas: TX 0x1 RX 0x1
	Configured Antennas: TX 0x1 RX 0x1
	Supported interface modes:
		 * IBSS
		 * managed
		 * AP
		 * AP/VLAN
		 * monitor
		 * mesh point
		 * P2P-client
		 * P2P-GO
		 * outside context of a BSS
	Band 1:
		Capabilities: 0x11ce
			HT20/HT40
			SM Power Save disabled
			RX HT40 SGI
			TX STBC
			RX STBC 1-stream
			Max AMSDU length: 3839 bytes
			DSSS/CCK HT40
		Maximum RX AMPDU length 65535 bytes (exponent: 0x003)
		Minimum RX AMPDU time spacing: 8 usec (0x06)
		HT TX/RX MCS rate indexes supported: 0-7
		Bitrates (non-HT):
			* 1.0 Mbps
			* 2.0 Mbps (short preamble supported)
			* 5.5 Mbps (short preamble supported)
			* 11.0 Mbps (short preamble supported)
			* 6.0 Mbps
			* 9.0 Mbps
			* 12.0 Mbps
			* 18.0 Mbps
			* 24.0 Mbps
			* 36.0 Mbps
			* 48.0 Mbps
			* 54.0 Mbps
		Frequencies:
			* 2412 MHz [1] (17.0 dBm)
			* 2417 MHz [2] (17.0 dBm)
			* 2422 MHz [3] (17.0 dBm)
			* 2427 MHz [4] (17.0 dBm)
			* 2432 MHz [5] (17.0 dBm)
			* 2437 MHz [6] (17.0 dBm)
			* 2442 MHz [7] (17.0 dBm)
			* 2447 MHz [8] (17.0 dBm)
			* 2452 MHz [9] (17.0 dBm)
			* 2457 MHz [10] (17.0 dBm)
			* 2462 MHz [11] (17.0 dBm)
			* 2467 MHz [12] (17.0 dBm) (no IR)
			* 2472 MHz [13] (17.0 dBm) (no IR)
			* 2484 MHz [14] (17.0 dBm) (no IR)
	Supported commands:
		 * new_interface
		 * set_interface
		 * new_key
		 * start_ap
		 * new_station
		 * new_mpath
		 * set_mesh_config
		 * set_bss
		 * authenticate
		 * associate
		 * deauthenticate
		 * disassociate
		 * join_ibss
		 * join_mesh
		 * remain_on_channel
		 * set_tx_bitrate_mask
		 * frame
		 * frame_wait_cancel
		 * set_wiphy_netns
		 * set_channel
		 * tdls_mgmt
		 * tdls_oper
		 * probe_client
		 * set_noack_map
		 * register_beacons
		 * start_p2p_device
		 * set_mcast_rate
		 * connect
		 * disconnect
		 * channel_switch
		 * set_qos_map
		 * set_multicast_to_unicast
	software interface modes (can always be added):
		 * AP/VLAN
		 * monitor
	valid interface combinations:
		 * #{ managed } <= 2048, #{ AP, mesh point } <= 8, #{ P2P-client, P2P-GO } <= 1,
		   total <= 2048, #channels <= 1, STA/AP BI must match
	HT Capability overrides:
		 * MCS: ff ff ff ff ff ff ff ff ff ff
		 * maximum A-MSDU length
		 * supported channel width
		 * short GI for 40 MHz
		 * max A-MPDU length exponent
		 * min MPDU start spacing
	Device supports TX status socket option.
	Device supports HT-IBSS.
	Device supports SAE with AUTHENTICATE command
	Device supports low priority scan.
	Device supports scan flush.
	Device supports AP scan.
	Device supports per-vif TX power setting
	P2P GO supports CT window setting
	Driver supports full state transitions for AP/GO clients
	Driver supports a userspace MPM
	Device supports active monitor (which will ACK incoming frames)
	Driver/device bandwidth changes during BSS lifetime (AP/GO mode)
	Device supports configuring vdev MAC-addr on create.
	max # scan plans: 1
	max scan plan interval: -1
	max scan plan iterations: 0
	Supported TX frame types:
		 * IBSS: 0x00 0x10 0x20 0x30 0x40 0x50 0x60 0x70 0x80 0x90 0xa0 0xb0 0xc0 0xd0 0xe0 0xf0
		 * managed: 0x00 0x10 0x20 0x30 0x40 0x50 0x60 0x70 0x80 0x90 0xa0 0xb0 0xc0 0xd0 0xe0 0xf0
		 * AP: 0x00 0x10 0x20 0x30 0x40 0x50 0x60 0x70 0x80 0x90 0xa0 0xb0 0xc0 0xd0 0xe0 0xf0
		 * AP/VLAN: 0x00 0x10 0x20 0x30 0x40 0x50 0x60 0x70 0x80 0x90 0xa0 0xb0 0xc0 0xd0 0xe0 0xf0
		 * mesh point: 0x00 0x10 0x20 0x30 0x40 0x50 0x60 0x70 0x80 0x90 0xa0 0xb0 0xc0 0xd0 0xe0 0xf0
		 * P2P-client: 0x00 0x10 0x20 0x30 0x40 0x50 0x60 0x70 0x80 0x90 0xa0 0xb0 0xc0 0xd0 0xe0 0xf0
		 * P2P-GO: 0x00 0x10 0x20 0x30 0x40 0x50 0x60 0x70 0x80 0x90 0xa0 0xb0 0xc0 0xd0 0xe0 0xf0
		 * P2P-device: 0x00 0x10 0x20 0x30 0x40 0x50 0x60 0x70 0x80 0x90 0xa0 0xb0 0xc0 0xd0 0xe0 0xf0
	Supported RX frame types:
		 * IBSS: 0x40 0xb0 0xc0 0xd0
		 * managed: 0x40 0xb0 0xd0
		 * AP: 0x00 0x20 0x40 0xa0 0xb0 0xc0 0xd0
		 * AP/VLAN: 0x00 0x20 0x40 0xa0 0xb0 0xc0 0xd0
		 * mesh point: 0xb0 0xc0 0xd0
		 * P2P-client: 0x40 0xd0
		 * P2P-GO: 0x00 0x20 0x40 0xa0 0xb0 0xc0 0xd0
		 * P2P-device: 0x40 0xd0
	Supported extended features:
		* [ RRM ]: RRM
		* [ FILS_STA ]: STA FILS (Fast Initial Link Setup)
		* [ CQM_RSSI_LIST ]: multiple CQM_RSSI_THOLD records
		* [ CONTROL_PORT_OVER_NL80211 ]: control port over nl80211
		* [ TXQS ]: FQ-CoDel-enabled intermediate TXQs
		* [ SCAN_RANDOM_SN ]: use random sequence numbers in scans
		* [ SCAN_MIN_PREQ_CONTENT ]: use probe request with only rate IEs in scans
		* [ CAN_REPLACE_PTK0 ]: can safely replace PTK 0 when rekeying
		* [ AIRTIME_FAIRNESS ]: airtime fairness scheduling
		* [ CONTROL_PORT_NO_PREAUTH ]: disable pre-auth over nl80211 control port support
		* [ DEL_IBSS_STA ]: deletion of IBSS station support
		* [ MULTICAST_REGISTRATIONS ]: mgmt frame registration for multicast
		* [ SCAN_FREQ_KHZ ]: scan on kHz frequency support
		* [ CONTROL_PORT_OVER_NL80211_TX_STATUS ]: tx status for nl80211 control port support


===== Network interfaces =====
$ ip -brief link; printf "\n"; ip -brief addr

lo               UNKNOWN        [redacted-mac] <LOOPBACK,UP,LOWER_UP>
enp1s0           DOWN           [redacted-mac] <NO-CARRIER,BROADCAST,MULTICAST,UP>
wlp2s0           UP             [redacted-mac] <BROADCAST,MULTICAST,UP,LOWER_UP>

lo               UNKNOWN        127.0.0.1/8 ::1/128
enp1s0           DOWN
wlp2s0           UP             10.10.15.234/24 fe80::1e4b:d6ff:fe7f:f183/64


===== Ethernet details =====
ethtool is not installed or not in PATH.


===== Audio devices =====
$ cat /proc/asound/cards 2>/dev/null; printf "\n"; aplay -l 2>/dev/null; printf "\n"; arecord -l 2>/dev/null

 0 [Intel          ]: HDA-Intel - HDA Intel
                      HDA Intel at 0xf7db8000 irq 25

**** List of PLAYBACK Hardware Devices ****
card 0: Intel [HDA Intel], device 0: ALC269 Analog [ALC269 Analog]
  Subdevices: 1/1
  Subdevice #0: subdevice #0

**** List of CAPTURE Hardware Devices ****
card 0: Intel [HDA Intel], device 0: ALC269 Analog [ALC269 Analog]
  Subdevices: 1/1
  Subdevice #0: subdevice #0


===== Graphics and framebuffer =====
$ ls -la /dev/dri 2>/dev/null; printf "\n--- fb ---\n"; ls -la /dev/fb* 2>/dev/null; printf "\n--- drm sysfs ---\n"; find /sys/class/drm -maxdepth 2 \( -type f -name status -o -type f -name modes \) 2>/dev/null | sort | while read f; do echo "--- $f ---"; cat "$f"; done

total 0
drwxr-xr-x   3 root root        100 Jun 26  2025 .
drwxr-xr-x  19 root root       3300 Sep 23  2025 ..
drwxr-xr-x   2 root root         80 Jun 26  2025 by-path
crw-rw----+  1 root video  226,   0 Jun 26  2025 card0
crw-rw----+  1 root render 226, 128 Jun 26  2025 renderD128

--- fb ---
crw-rw---- 1 root video 29, 0 Jun 26  2025 /dev/fb0

--- drm sysfs ---


===== Loaded kernel modules =====
$ lsmod

Module                  Size  Used by
snd_seq_dummy          16384  0
snd_hrtimer            16384  1
snd_seq                57344  7 snd_seq_dummy
snd_seq_device         16384  1 snd_seq
ccm                    20480  6
qrtr                   32768  2
ath9k                 110592  0
ath9k_common           16384  1 ath9k
ath9k_hw              421888  2 ath9k,ath9k_common
ath                    28672  3 ath9k_hw,ath9k,ath9k_common
snd_hda_codec_realtek   131072  1
mac80211              786432  1 ath9k
snd_hda_codec_generic    73728  1 snd_hda_codec_realtek
snd_hda_intel          40960  1
libarc4                16384  1 mac80211
snd_intel_dspcfg       32768  1 snd_hda_intel
uvcvideo               98304  0
snd_intel_sdw_acpi     20480  1 snd_intel_dspcfg
snd_hda_codec         106496  3 snd_hda_intel,snd_hda_codec_generic,snd_hda_codec_realtek
videobuf2_vmalloc      20480  1 uvcvideo
iTCO_wdt               16384  0
videobuf2_memops       20480  1 videobuf2_vmalloc
snd_hda_core           61440  4 snd_hda_intel,snd_hda_codec,snd_hda_codec_generic,snd_hda_codec_realtek
intel_pmc_bxt          16384  1 iTCO_wdt
videobuf2_v4l2         24576  1 uvcvideo
asus_wmi               45056  0
snd_hwdep              16384  1 snd_hda_codec
iTCO_vendor_support    16384  1 iTCO_wdt
videobuf2_common       49152  4 uvcvideo,videobuf2_vmalloc,videobuf2_memops,videobuf2_v4l2
platform_profile       16384  1 asus_wmi
watchdog               28672  1 iTCO_wdt
snd_pcm                94208  3 snd_hda_intel,snd_hda_codec,snd_hda_core
ledtrig_audio          16384  2 asus_wmi,snd_hda_codec_generic
cfg80211              724992  4 mac80211,ath9k,ath,ath9k_common
videodev              184320  3 uvcvideo,videobuf2_common,videobuf2_v4l2
snd_timer              32768  3 snd_seq,snd_hrtimer,snd_pcm
coretemp               20480  0
sparse_keymap          16384  1 asus_wmi
wmi_bmof               16384  0
mc                     49152  4 uvcvideo,videobuf2_common,videodev,videobuf2_v4l2
pcspkr                 16384  0
snd                    69632  13 snd_hda_intel,snd_hwdep,snd_seq,snd_hda_codec,snd_timer,snd_hda_codec_generic,snd_seq_device,snd_hda_codec_realtek,snd_pcm
rfkill                 20480  7 asus_wmi,ath9k,cfg80211
soundcore              16384  1 snd
acpi_cpufreq           24576  0
joydev                 24576  0
ac                     20480  0
evdev                  20480  13
serio_raw              20480  0
sg                     28672  0
binfmt_misc            24576  1
msr                    16384  0
parport_pc             32768  0
ppdev                  24576  0
lp                     20480  0
dm_mod                118784  0
parport                45056  3 lp,parport_pc,ppdev
loop                   28672  0
efi_pstore             16384  0
dax                    28672  1 dm_mod
fuse                  114688  5
configfs               36864  1
ip_tables              24576  0
x_tables               28672  1 ip_tables
autofs4                40960  2
ext4                  675840  1
crc16                  16384  1 ext4
mbcache                16384  1 ext4
jbd2                  110592  1 ext4
crc32c_generic         16384  2
sd_mod                 53248  3
i915                 2199552  11
t10_pi                 16384  1 sd_mod
crc64_rocksoft         20480  1 t10_pi
crc64                  20480  1 crc64_rocksoft
crc_t10dif             20480  1 t10_pi
crct10dif_generic      16384  1
drm_buddy              20480  1 i915
crct10dif_common       16384  2 crct10dif_generic,crc_t10dif
i2c_algo_bit           16384  1 i915
drm_display_helper    106496  1 i915
ahci                   45056  2
libahci                32768  1 ahci
cec                    45056  2 drm_display_helper,i915
rc_core                45056  1 cec
libata                253952  2 ahci,libahci
ttm                    57344  1 i915
psmouse               135168  0
scsi_mod              188416  3 sd_mod,libata,sg
drm_kms_helper        110592  2 drm_display_helper,i915
uhci_hcd               45056  0
ehci_pci               20480  0
ehci_hcd               69632  1 ehci_pci
usbcore               212992  4 uvcvideo,ehci_hcd,uhci_hcd,ehci_pci
atl1c                  45056  0
lpc_ich                28672  0
scsi_common            16384  3 libata,sg,scsi_mod
usb_common             16384  4 uvcvideo,ehci_hcd,uhci_hcd,usbcore
drm                   364544  15 drm_display_helper,i915,ttm,drm_buddy,drm_kms_helper
battery                24576  1 asus_wmi
video                  57344  2 asus_wmi,i915
wmi                    24576  3 asus_wmi,wmi_bmof,video
button                 20480  0


===== Important firmware and kernel packages =====
$ dpkg-query -W -f="${binary:Package}\t${Version}\n" "firmware-*" "linux-image*" "linux-headers*" 2>/dev/null | sort















===== Systemd boot timing =====
$ systemd-analyze 2>/dev/null; printf "\n--- critical-chain ---\n"; systemd-analyze critical-chain 2>/dev/null; printf "\n--- top blame ---\n"; systemd-analyze blame 2>/dev/null | head -80

Startup finished in 13.621s (kernel) + 46.475s (userspace) = 1min 97ms
graphical.target reached after 46.319s in userspace.

--- critical-chain ---
The time when unit became active or started is printed after the "@" character.
The time the unit took to start is printed after the "+" character.

graphical.target @46.319s
`-multi-user.target @46.313s
  `-plymouth-quit-wait.service @14.110s +32.196s
    `-systemd-user-sessions.service @13.564s +364ms
      `-network.target @13.314s
        `-NetworkManager.service @12.423s +886ms
          `-dbus.service @11.265s +860ms
            `-basic.target @10.670s
              `-sockets.target @10.653s
                `-cups.socket @42.961s
                  `-sysinit.target @10.387s
                    `-systemd-timesyncd.service @7.387s +2.997s
                      `-systemd-tmpfiles-setup.service @4.760s +1.725s
                        `-systemd-journal-flush.service @3.799s +886ms
                          `-systemd-journald.service @1.599s +2.182s
                            `-systemd-journald.socket @1.334s
                              `--.mount @1.289s
                                `--.slice @1.288s

--- top blame ---
32.196s plymouth-quit-wait.service
 8.024s NetworkManager-wait-online.service
 5.503s dev-sda1.device
 4.115s e2scrub_reap.service
 3.187s apparmor.service
 3.177s systemd-udev-trigger.service
 2.997s systemd-timesyncd.service
 2.182s systemd-journald.service
 2.103s udisks2.service
 2.017s accounts-daemon.service
 1.879s networking.service
 1.859s user@1000.service
 1.845s keyboard-setup.service
 1.786s exim4.service
 1.730s logrotate.service
 1.725s systemd-tmpfiles-setup.service
 1.557s ModemManager.service
 1.493s avahi-daemon.service
 1.484s systemd-modules-load.service
 1.284s systemd-random-seed.service
 1.197s systemd-logind.service
 1.175s polkit.service
 1.173s plymouth-start.service
 1.167s ssh.service
 1.100s power-profiles-daemon.service
 1.100s packagekit.service
 1.040s systemd-udevd.service
  886ms NetworkManager.service
  886ms systemd-journal-flush.service
  860ms dbus.service
  843ms systemd-update-utmp.service
  791ms modprobe@dm_mod.service
  785ms gdm.service
  764ms upower.service
  726ms switcheroo-control.service
  690ms dev-disk-by\x2duuid-66c28c5a\x2da49d\x2d4a5e\x2dbc32\x2df679c58ebb31.swap
  551ms modprobe@loop.service
  534ms ifupdown-pre.service
  509ms dev-hugepages.mount
  506ms dev-mqueue.mount
  505ms sys-kernel-debug.mount
  494ms sys-kernel-tracing.mount
  488ms systemd-binfmt.service
  482ms modprobe@configfs.service
  476ms kmod-static-nodes.service
  473ms modprobe@efi_pstore.service
  461ms colord.service
  461ms exim4-base.service
  451ms modprobe@fuse.service
  439ms systemd-rfkill.service
  412ms systemd-hostnamed.service
  364ms systemd-user-sessions.service
  333ms systemd-remount-fs.service
  318ms proc-sys-fs-binfmt_misc.mount
  304ms dpkg-db-backup.service
  292ms systemd-sysusers.service
  273ms systemd-tmpfiles-setup-dev.service
  216ms systemd-sysctl.service
  209ms systemd-backlight@backlight:acpi_video0.service
  200ms user-runtime-dir@1000.service
  173ms wpa_supplicant.service
  123ms cups.service
  118ms systemd-update-utmp-runlevel.service
  111ms console-setup.service
  103ms sys-fs-fuse-connections.mount
   86ms sys-kernel-config.mount
   79ms plymouth-read-write.service
   62ms rtkit-daemon.service
   59ms alsa-restore.service
   42ms modprobe@drm.service
   25ms e2scrub_all.service


===== Kernel hardware messages =====
$ sudo -n dmesg -T | grep -Ei "dmi|bios|cpu|microcode|memory|ram|acpi|battery|ata|sata|ide|sd[a-z]|mmc|usb|pci|vga|drm|i915|wifi|wlan|ethernet|audio|sound|bluetooth|thermal|fan|firmware"

[Fri Jun 12 13:57:54 2026] BIOS-provided physical RAM map:
[Fri Jun 12 13:57:54 2026] BIOS-e820: [mem [redacted-wwn]-[redacted-wwn]] usable
[Fri Jun 12 13:57:54 2026] BIOS-e820: [mem [redacted-wwn]-[redacted-wwn]] reserved
[Fri Jun 12 13:57:54 2026] BIOS-e820: [mem [redacted-wwn]-[redacted-wwn]] reserved
[Fri Jun 12 13:57:54 2026] BIOS-e820: [mem [redacted-wwn]-[redacted-wwn]] usable
[Fri Jun 12 13:57:54 2026] BIOS-e820: [mem [redacted-wwn]-[redacted-wwn]] ACPI data
[Fri Jun 12 13:57:54 2026] BIOS-e820: [mem [redacted-wwn]-[redacted-wwn]] ACPI NVS
[Fri Jun 12 13:57:54 2026] BIOS-e820: [mem [redacted-wwn]-[redacted-wwn]] reserved
[Fri Jun 12 13:57:54 2026] BIOS-e820: [mem [redacted-wwn]-[redacted-wwn]] reserved
[Fri Jun 12 13:57:54 2026] BIOS-e820: [mem [redacted-wwn]-[redacted-wwn]] reserved
[Fri Jun 12 13:57:54 2026] SMBIOS 2.5 present.
[Fri Jun 12 13:57:54 2026] DMI: ASUSTeK Computer INC. 1005HA/1005HA, BIOS 1301    01/05/2010
[Fri Jun 12 13:57:54 2026] initial memory mapped: [mem 0x00000000-0x163fffff]
[Fri Jun 12 13:57:54 2026] RAMDISK: [mem 0x3124d000-0x3491dfff]
[Fri Jun 12 13:57:54 2026] ACPI: Early table checksum verification disabled
[Fri Jun 12 13:57:54 2026] ACPI: RSDP [redacted-wwn] 000014 (v00 ACPIAM)
[Fri Jun 12 13:57:54 2026] ACPI: RSDT [redacted-wwn] 00003C (v01 A_M_I_ OEMRSDT  01001005 MSFT 00000097)
[Fri Jun 12 13:57:54 2026] ACPI: FACP [redacted-wwn] 000084 (v02 A_M_I_ OEMFACP  01001005 MSFT 00000097)
[Fri Jun 12 13:57:54 2026] ACPI: DSDT [redacted-wwn] 0080A2 (v01 A1311  A1311000 00000000 INTL 20051117)
[Fri Jun 12 13:57:54 2026] ACPI: FACS [redacted-wwn] 000040
[Fri Jun 12 13:57:54 2026] ACPI: APIC [redacted-wwn] 00005C (v01 A_M_I_ OEMAPIC  01001005 MSFT 00000097)
[Fri Jun 12 13:57:54 2026] ACPI: MCFG [redacted-wwn] 00003C (v01 A_M_I_ OEMMCFG  01001005 MSFT 00000097)
[Fri Jun 12 13:57:54 2026] ACPI: OEMB [redacted-wwn] 000061 (v01 A_M_I_ AMI_OEM  01001005 MSFT 00000097)
[Fri Jun 12 13:57:54 2026] ACPI: HPET [redacted-wwn] 000038 (v01 A_M_I_ OEMHPET  01001005 MSFT 00000097)
[Fri Jun 12 13:57:54 2026] ACPI: SSDT [redacted-wwn] 0004F0 (v01 PmRef  CpuPm    00003000 INTL 20051117)
[Fri Jun 12 13:57:54 2026] ACPI: Reserving FACP table memory at [mem 0x3f7a0200-0x3f7a0283]
[Fri Jun 12 13:57:54 2026] ACPI: Reserving DSDT table memory at [mem 0x3f7a0430-0x3f7a84d1]
[Fri Jun 12 13:57:54 2026] ACPI: Reserving FACS table memory at [mem 0x3f7ae000-0x3f7ae03f]
[Fri Jun 12 13:57:54 2026] ACPI: Reserving APIC table memory at [mem 0x3f7a0390-0x3f7a03eb]
[Fri Jun 12 13:57:54 2026] ACPI: Reserving MCFG table memory at [mem 0x3f7a03f0-0x3f7a042b]
[Fri Jun 12 13:57:54 2026] ACPI: Reserving OEMB table memory at [mem 0x3f7ae040-0x3f7ae0a0]
[Fri Jun 12 13:57:54 2026] ACPI: Reserving HPET table memory at [mem 0x3f7a84e0-0x3f7a8517]
[Fri Jun 12 13:57:54 2026] ACPI: Reserving SSDT table memory at [mem 0x3f7aeb80-0x3f7af06f]
[Fri Jun 12 13:57:54 2026]   mapped low ram: 0 - 36ffe000
[Fri Jun 12 13:57:54 2026]   low ram: 0 - 36ffe000
[Fri Jun 12 13:57:54 2026] Early memory node ranges
[Fri Jun 12 13:57:54 2026] Reserving Intel graphics memory at [mem 0x3f800000-0x3fffffff]
[Fri Jun 12 13:57:54 2026] ACPI: PM-Timer IO Port: 0x808
[Fri Jun 12 13:57:54 2026] ACPI: INT_SRC_OVR (bus 0 bus_irq 0 global_irq 2 dfl dfl)
[Fri Jun 12 13:57:54 2026] ACPI: INT_SRC_OVR (bus 0 bus_irq 9 global_irq 9 high level)
[Fri Jun 12 13:57:54 2026] ACPI: Using ACPI (MADT) for SMP configuration information
[Fri Jun 12 13:57:54 2026] ACPI: HPET id: 0xffffffff base: 0xfed00000
[Fri Jun 12 13:57:54 2026] smpboot: Allowing 2 CPUs, 0 hotplug CPUs
[Fri Jun 12 13:57:54 2026] PM: hibernation: Registered nosave memory: [mem 0x00000000-0x00000fff]
[Fri Jun 12 13:57:54 2026] PM: hibernation: Registered nosave memory: [mem 0x0009f000-0x000fffff]
[Fri Jun 12 13:57:54 2026] [mem 0x40000000-0xfedfffff] available for PCI devices
[Fri Jun 12 13:57:54 2026] setup_percpu: NR_CPUS:32 nr_cpumask_bits:2 nr_cpu_ids:2 nr_node_ids:1
[Fri Jun 12 13:57:54 2026] percpu: Embedded 33 pages/cpu s103956 r0 d31212 u135168
[Fri Jun 12 13:57:54 2026] pcpu-alloc: s103956 r0 d31212 u135168 alloc=33*4096
[Fri Jun 12 13:57:54 2026] pcpu-alloc: [0] 0 [0] 1
[Fri Jun 12 13:57:54 2026] Unknown kernel command line parameters "BOOT_IMAGE=/boot/vmlinuz-6.1.0-39-686-pae", will be passed to user space.
[Fri Jun 12 13:57:54 2026] microcode: microcode updated early to revision 0x218, date = 2009-04-10
[Fri Jun 12 13:57:54 2026] Memory: 955436K/1039608K available (9459K kernel code, 1272K rwdata, 3192K rodata, 924K init, 484K bss, 84172K reserved, 0K cma-reserved, 138888K highmem)
[Fri Jun 12 13:57:54 2026] SLUB: HWalign=64, Order=0-3, MinObjects=0, CPUs=2, Nodes=1
[Fri Jun 12 13:57:54 2026] rcu: 	RCU restricting CPUs from NR_CPUS=32 to nr_cpu_ids=2.
[Fri Jun 12 13:57:54 2026] 	Trampoline variant of Tasks RCU enabled.
[Fri Jun 12 13:57:54 2026] rcu: Adjusting geometry for rcu_fanout_leaf=16, nr_cpu_ids=2
[Fri Jun 12 13:57:54 2026] Console: colour VGA+ 80x25
[Fri Jun 12 13:57:54 2026] ACPI: Core revision 20220331
[Fri Jun 12 13:57:54 2026] CPU0: Thermal monitoring enabled (TM2)
[Fri Jun 12 13:57:54 2026] Freeing SMP alternatives memory: 32K
[Fri Jun 12 13:57:54 2026] LSM: Security Framework initializing
[Fri Jun 12 13:57:54 2026] smpboot: CPU0: Intel(R) Atom(TM) CPU N270   @ 1.60GHz (family: 0x6, model: 0x1c, stepping: 0x2)
[Fri Jun 12 13:57:54 2026] signal: max sigframe size: 1440
[Fri Jun 12 13:57:54 2026] smp: Bringing up secondary CPUs ...
[Fri Jun 12 13:57:54 2026] .... node  #0, CPUs:      #1
[Fri Jun 12 13:57:54 2026] smp: Brought up 1 node, 2 CPUs
[Fri Jun 12 13:57:54 2026] ACPI: PM: Registering ACPI NVS region [mem 0x3f7ae000-0x3f7effff] (270336 bytes)
[Fri Jun 12 13:57:54 2026] thermal_sys: Registered thermal governor 'fair_share'
[Fri Jun 12 13:57:54 2026] thermal_sys: Registered thermal governor 'bang_bang'
[Fri Jun 12 13:57:54 2026] thermal_sys: Registered thermal governor 'step_wise'
[Fri Jun 12 13:57:54 2026] thermal_sys: Registered thermal governor 'user_space'
[Fri Jun 12 13:57:54 2026] thermal_sys: Registered thermal governor 'power_allocator'
[Fri Jun 12 13:57:54 2026] cpuidle: using governor ladder
[Fri Jun 12 13:57:54 2026] acpiphp: ACPI Hot Plug PCI Controller Driver version: 0.5
[Fri Jun 12 13:57:54 2026] PCI: MMCONFIG for domain 0000 [bus 00-3f] at [mem 0xe0000000-0xe3ffffff] (base 0xe0000000)
[Fri Jun 12 13:57:54 2026] PCI: not using MMCONFIG
[Fri Jun 12 13:57:54 2026] PCI: Using configuration type 1 for base access
[Fri Jun 12 13:57:54 2026] ACPI: Added _OSI(Module Device)
[Fri Jun 12 13:57:54 2026] ACPI: Added _OSI(Processor Device)
[Fri Jun 12 13:57:54 2026] ACPI: Added _OSI(Processor Aggregator Device)
[Fri Jun 12 13:57:54 2026] ACPI: [Firmware Bug]: BIOS _OSI(Linux) query ignored
[Fri Jun 12 13:57:54 2026] ACPI: 2 ACPI AML tables successfully acquired and loaded
[Fri Jun 12 13:57:54 2026] ACPI: Dynamic OEM Table Load:
[Fri Jun 12 13:57:54 2026] ACPI: SSDT [redacted-wwn] 00023C (v01 PmRef  Cpu0Ist  00003000 INTL 20051117)
[Fri Jun 12 13:57:54 2026] ACPI: Dynamic OEM Table Load:
[Fri Jun 12 13:57:54 2026] ACPI: SSDT [redacted-wwn] 000724 (v01 PmRef  Cpu0Cst  00003001 INTL 20051117)
[Fri Jun 12 13:57:54 2026] ACPI: Dynamic OEM Table Load:
[Fri Jun 12 13:57:54 2026] ACPI: SSDT [redacted-wwn] 0000CC (v01 PmRef  Cpu1Ist  00003000 INTL 20051117)
[Fri Jun 12 13:57:54 2026] ACPI: Dynamic OEM Table Load:
[Fri Jun 12 13:57:54 2026] ACPI: SSDT [redacted-wwn] 000085 (v01 PmRef  Cpu1Cst  00003000 INTL 20051117)
[Fri Jun 12 13:57:54 2026] ACPI: EC: EC started
[Fri Jun 12 13:57:54 2026] ACPI: EC: interrupt blocked
[Fri Jun 12 13:57:54 2026] ACPI: EC: EC_CMD/EC_SC=0x66, EC_DATA=0x62
[Fri Jun 12 13:57:54 2026] ACPI: \_SB_.PCI0.SBRG.EC0_: Boot DSDT EC used to handle transactions
[Fri Jun 12 13:57:54 2026] ACPI: Interpreter enabled
[Fri Jun 12 13:57:54 2026] ACPI: PM: (supports S0 S3 S4 S5)
[Fri Jun 12 13:57:54 2026] ACPI: Using IOAPIC for interrupt routing
[Fri Jun 12 13:57:54 2026] PCI: MMCONFIG for domain 0000 [bus 00-3f] at [mem 0xe0000000-0xe3ffffff] (base 0xe0000000)
[Fri Jun 12 13:57:54 2026] PCI: MMCONFIG at [mem 0xe0000000-0xe3ffffff] reserved in ACPI motherboard resources
[Fri Jun 12 13:57:54 2026] PCI: Using MMCONFIG for extended config space
[Fri Jun 12 13:57:54 2026] PCI: Using host bridge windows from ACPI; if necessary, use "pci=nocrs" and report a bug
[Fri Jun 12 13:57:54 2026] PCI: Using E820 reservations for host bridge windows
[Fri Jun 12 13:57:54 2026] ACPI: Enabled 3 GPEs in block 00 to 1F
[Fri Jun 12 13:57:54 2026] ACPI: PCI Root Bridge [PCI0] (domain 0000 [bus 00-ff])
[Fri Jun 12 13:57:54 2026] acpi PNP0A08:00: _OSC: OS supports [ExtendedConfig ASPM ClockPM Segments MSI HPX-Type3]
[Fri Jun 12 13:57:54 2026] acpi PNP0A08:00: _OSC: OS requested [PCIeHotplug SHPCHotplug PME AER PCIeCapability LTR]
[Fri Jun 12 13:57:54 2026] acpi PNP0A08:00: _OSC: platform willing to grant [PCIeHotplug SHPCHotplug PME AER PCIeCapability LTR]
[Fri Jun 12 13:57:54 2026] acpi PNP0A08:00: _OSC: platform retains control of PCIe features (AE_NOT_FOUND)
[Fri Jun 12 13:57:54 2026] acpi PNP0A08:00: [Firmware Info]: MMCONFIG for domain 0000 [bus 00-3f] only partially covers this bridge
[Fri Jun 12 13:57:54 2026] PCI host bridge to bus 0000:00
[Fri Jun 12 13:57:54 2026] pci_bus 0000:00: root bus resource [io  0x0000-0x0cf7 window]
[Fri Jun 12 13:57:54 2026] pci_bus 0000:00: root bus resource [io  0x0d00-0xffff window]
[Fri Jun 12 13:57:54 2026] pci_bus 0000:00: root bus resource [mem 0x000a0000-0x000bffff window]
[Fri Jun 12 13:57:54 2026] pci_bus 0000:00: root bus resource [mem 0x000d0000-0x000dffff window]
[Fri Jun 12 13:57:54 2026] pci_bus 0000:00: root bus resource [mem 0x3f800000-0xffffffff window]
[Fri Jun 12 13:57:54 2026] pci_bus 0000:00: root bus resource [bus 00-ff]
[Fri Jun 12 13:57:54 2026] pci 0000:00:00.0: [8086:27ac] type 00 class 0x060000
[Fri Jun 12 13:57:54 2026] pci 0000:00:02.0: [8086:27ae] type 00 class 0x030000
[Fri Jun 12 13:57:54 2026] pci 0000:00:02.0: reg 0x10: [mem 0xf7e00000-0xf7e7ffff]
[Fri Jun 12 13:57:54 2026] pci 0000:00:02.0: reg 0x14: [io  0xdc00-0xdc07]
[Fri Jun 12 13:57:54 2026] pci 0000:00:02.0: reg 0x18: [mem 0xd0000000-0xdfffffff pref]
[Fri Jun 12 13:57:54 2026] pci 0000:00:02.0: reg 0x1c: [mem 0xf7dc0000-0xf7dfffff]
[Fri Jun 12 13:57:54 2026] pci 0000:00:02.0: Video device with shadowed ROM at [mem 0x000c0000-0x000dffff]
[Fri Jun 12 13:57:54 2026] pci 0000:00:02.1: [8086:27a6] type 00 class 0x038000
[Fri Jun 12 13:57:54 2026] pci 0000:00:02.1: reg 0x10: [mem 0xf7e80000-0xf7efffff]
[Fri Jun 12 13:57:54 2026] pci 0000:00:1b.0: [8086:27d8] type 00 class 0x040300
[Fri Jun 12 13:57:54 2026] pci 0000:00:1b.0: reg 0x10: [mem 0xf7db8000-0xf7dbbfff 64bit]
[Fri Jun 12 13:57:54 2026] pci 0000:00:1b.0: PME# supported from D0 D3hot D3cold
[Fri Jun 12 13:57:54 2026] pci 0000:00:1c.0: [8086:27d0] type 01 class 0x060400
[Fri Jun 12 13:57:54 2026] pci 0000:00:1c.0: PME# supported from D0 D3hot D3cold
[Fri Jun 12 13:57:54 2026] pci 0000:00:1c.1: [8086:27d2] type 01 class 0x060400
[Fri Jun 12 13:57:54 2026] pci 0000:00:1c.1: PME# supported from D0 D3hot D3cold
[Fri Jun 12 13:57:54 2026] pci 0000:00:1c.3: [8086:27d6] type 01 class 0x060400
[Fri Jun 12 13:57:54 2026] pci 0000:00:1c.3: PME# supported from D0 D3hot D3cold
[Fri Jun 12 13:57:54 2026] pci 0000:00:1d.0: [8086:27c8] type 00 class 0x0c0300
[Fri Jun 12 13:57:54 2026] pci 0000:00:1d.0: reg 0x20: [io  0xd400-0xd41f]
[Fri Jun 12 13:57:54 2026] pci 0000:00:1d.1: [8086:27c9] type 00 class 0x0c0300
[Fri Jun 12 13:57:54 2026] pci 0000:00:1d.1: reg 0x20: [io  0xd480-0xd49f]
[Fri Jun 12 13:57:54 2026] pci 0000:00:1d.2: [8086:27ca] type 00 class 0x0c0300
[Fri Jun 12 13:57:54 2026] pci 0000:00:1d.2: reg 0x20: [io  0xd800-0xd81f]
[Fri Jun 12 13:57:54 2026] pci 0000:00:1d.3: [8086:27cb] type 00 class 0x0c0300
[Fri Jun 12 13:57:54 2026] pci 0000:00:1d.3: reg 0x20: [io  0xd880-0xd89f]
[Fri Jun 12 13:57:54 2026] pci 0000:00:1d.7: [8086:27cc] type 00 class 0x0c0320
[Fri Jun 12 13:57:54 2026] pci 0000:00:1d.7: reg 0x10: [mem 0xf7db7c00-0xf7db7fff]
[Fri Jun 12 13:57:54 2026] pci 0000:00:1d.7: PME# supported from D0 D3hot D3cold
[Fri Jun 12 13:57:54 2026] pci 0000:00:1e.0: [8086:2448] type 01 class 0x060401
[Fri Jun 12 13:57:54 2026] pci 0000:00:1f.0: [8086:27b9] type 00 class 0x060100
[Fri Jun 12 13:57:54 2026] pci 0000:00:1f.0: quirk: [io  0x0800-0x087f] claimed by ICH6 ACPI/GPIO/TCO
[Fri Jun 12 13:57:54 2026] pci 0000:00:1f.0: quirk: [io  0x0480-0x04bf] claimed by ICH6 GPIO
[Fri Jun 12 13:57:54 2026] pci 0000:00:1f.0: ICH7 LPC Generic IO decode 1 PIO at 0380 (mask 0003)
[Fri Jun 12 13:57:54 2026] pci 0000:00:1f.0: ICH7 LPC Generic IO decode 2 PIO at 0290 (mask 0007)
[Fri Jun 12 13:57:54 2026] pci 0000:00:1f.0: ICH7 LPC Generic IO decode 3 PIO at 0068 (mask 0007)
[Fri Jun 12 13:57:54 2026] pci 0000:00:1f.2: [8086:27c5] type 00 class 0x010601
[Fri Jun 12 13:57:54 2026] pci 0000:00:1f.2: reg 0x10: [io  0xd080-0xd087]
[Fri Jun 12 13:57:54 2026] pci 0000:00:1f.2: reg 0x14: [io  0xd000-0xd003]
[Fri Jun 12 13:57:54 2026] pci 0000:00:1f.2: reg 0x18: [io  0xcc00-0xcc07]
[Fri Jun 12 13:57:54 2026] pci 0000:00:1f.2: reg 0x1c: [io  0xc880-0xc883]
[Fri Jun 12 13:57:54 2026] pci 0000:00:1f.2: reg 0x20: [io  0xc800-0xc80f]
[Fri Jun 12 13:57:54 2026] pci 0000:00:1f.2: reg 0x24: [mem 0xf7db7800-0xf7db7bff]
[Fri Jun 12 13:57:54 2026] pci 0000:00:1f.2: PME# supported from D3hot
[Fri Jun 12 13:57:54 2026] pci 0000:00:1c.0: PCI bridge to [bus 04]
[Fri Jun 12 13:57:54 2026] pci 0000:02:00.0: [168c:002b] type 00 class 0x028000
[Fri Jun 12 13:57:54 2026] pci 0000:02:00.0: reg 0x10: [mem 0xfbff0000-0xfbffffff 64bit]
[Fri Jun 12 13:57:54 2026] pci 0000:02:00.0: supports D1
[Fri Jun 12 13:57:54 2026] pci 0000:02:00.0: PME# supported from D0 D1 D3hot D3cold
[Fri Jun 12 13:57:54 2026] pci 0000:00:1c.1: PCI bridge to [bus 02-03]
[Fri Jun 12 13:57:54 2026] pci 0000:00:1c.1:   bridge window [mem 0xf8000000-0xfbffffff]
[Fri Jun 12 13:57:54 2026] pci 0000:00:1c.1:   bridge window [mem 0xf0000000-0xf6ffffff 64bit pref]
[Fri Jun 12 13:57:54 2026] pci 0000:01:00.0: [1969:1062] type 00 class 0x020000
[Fri Jun 12 13:57:54 2026] pci 0000:01:00.0: reg 0x10: [mem 0xf7fc0000-0xf7ffffff 64bit]
[Fri Jun 12 13:57:54 2026] pci 0000:01:00.0: reg 0x18: [io  0xec00-0xec7f]
[Fri Jun 12 13:57:54 2026] pci 0000:01:00.0: [Firmware Bug]: disabling VPD access (can't determine size of non-standard VPD format)
[Fri Jun 12 13:57:54 2026] pci 0000:01:00.0: PME# supported from D0 D1 D2 D3hot D3cold
[Fri Jun 12 13:57:54 2026] pci 0000:00:1c.3: PCI bridge to [bus 01]
[Fri Jun 12 13:57:54 2026] pci 0000:00:1c.3:   bridge window [io  0xe000-0xefff]
[Fri Jun 12 13:57:54 2026] pci 0000:00:1c.3:   bridge window [mem 0xf7f00000-0xf7ffffff]
[Fri Jun 12 13:57:54 2026] pci_bus 0000:05: extended config space not accessible
[Fri Jun 12 13:57:54 2026] pci 0000:00:1e.0: PCI bridge to [bus 05] (subtractive decode)
[Fri Jun 12 13:57:54 2026] pci 0000:00:1e.0:   bridge window [io  0x0000-0x0cf7 window] (subtractive decode)
[Fri Jun 12 13:57:54 2026] pci 0000:00:1e.0:   bridge window [io  0x0d00-0xffff window] (subtractive decode)
[Fri Jun 12 13:57:54 2026] pci 0000:00:1e.0:   bridge window [mem 0x000a0000-0x000bffff window] (subtractive decode)
[Fri Jun 12 13:57:54 2026] pci 0000:00:1e.0:   bridge window [mem 0x000d0000-0x000dffff window] (subtractive decode)
[Fri Jun 12 13:57:54 2026] pci 0000:00:1e.0:   bridge window [mem 0x3f800000-0xffffffff window] (subtractive decode)
[Fri Jun 12 13:57:54 2026] pci_bus 0000:00: on NUMA node 0
[Fri Jun 12 13:57:54 2026] ACPI: PCI: Interrupt link LNKA configured for IRQ 15
[Fri Jun 12 13:57:54 2026] ACPI: PCI: Interrupt link LNKB configured for IRQ 10
[Fri Jun 12 13:57:54 2026] ACPI: PCI: Interrupt link LNKC configured for IRQ 5
[Fri Jun 12 13:57:54 2026] ACPI: PCI: Interrupt link LNKD configured for IRQ 11
[Fri Jun 12 13:57:54 2026] ACPI: PCI: Interrupt link LNKE configured for IRQ 0
[Fri Jun 12 13:57:54 2026] ACPI: PCI: Interrupt link LNKE disabled
[Fri Jun 12 13:57:54 2026] ACPI: PCI: Interrupt link LNKF configured for IRQ 0
[Fri Jun 12 13:57:54 2026] ACPI: PCI: Interrupt link LNKF disabled
[Fri Jun 12 13:57:54 2026] ACPI: PCI: Interrupt link LNKG configured for IRQ 7
[Fri Jun 12 13:57:54 2026] ACPI: PCI: Interrupt link LNKH configured for IRQ 3
[Fri Jun 12 13:57:54 2026] ACPI: EC: interrupt unblocked
[Fri Jun 12 13:57:54 2026] ACPI: EC: event unblocked
[Fri Jun 12 13:57:54 2026] ACPI: EC: EC_CMD/EC_SC=0x66, EC_DATA=0x62
[Fri Jun 12 13:57:54 2026] ACPI: EC: GPE=0x1c
[Fri Jun 12 13:57:54 2026] ACPI: \_SB_.PCI0.SBRG.EC0_: Boot DSDT EC initialization complete
[Fri Jun 12 13:57:54 2026] ACPI: \_SB_.PCI0.SBRG.EC0_: EC: Used to handle transactions and events
[Fri Jun 12 13:57:54 2026] PCI: Using ACPI for IRQ routing
[Fri Jun 12 13:57:54 2026] PCI: pci_cache_line_size set to 64 bytes
[Fri Jun 12 13:57:54 2026] Expanded resource Reserved due to conflict with PCI Bus 0000:00
[Fri Jun 12 13:57:54 2026] e820: reserve RAM buffer [mem 0x0009fc00-0x0009ffff]
[Fri Jun 12 13:57:54 2026] e820: reserve RAM buffer [mem 0x3f7a0000-0x3fffffff]
[Fri Jun 12 13:57:54 2026] pci 0000:00:02.0: vgaarb: setting as boot VGA device
[Fri Jun 12 13:57:54 2026] pci 0000:00:02.0: vgaarb: bridge control possible
[Fri Jun 12 13:57:54 2026] pci 0000:00:02.0: vgaarb: VGA device added: decodes=io+mem,owns=io+mem,locks=none
[Fri Jun 12 13:57:54 2026] vgaarb: loaded
[Fri Jun 12 13:57:54 2026] hpet: 3 channels of 0 reserved for per-cpu timers
[Fri Jun 12 13:57:54 2026] pnp: PnP ACPI init
[Fri Jun 12 13:57:54 2026] pnp: PnP ACPI: found 8 devices
[Fri Jun 12 13:57:54 2026] PnPBIOS: Disabled
[Fri Jun 12 13:57:54 2026] clocksource: acpi_pm: mask: 0xffffff max_cycles: 0xffffff, max_idle_ns: 2085701024 ns
[Fri Jun 12 13:57:54 2026] IP idents hash table entries: 16384 (order: 5, 131072 bytes, linear)
[Fri Jun 12 13:57:54 2026] pci 0000:00:1c.0: bridge window [io  0x1000-0x0fff] to [bus 04] add_size 1000
[Fri Jun 12 13:57:54 2026] pci 0000:00:1c.0: bridge window [mem 0x00100000-0x000fffff 64bit pref] to [bus 04] add_size 200000 add_align 100000
[Fri Jun 12 13:57:54 2026] pci 0000:00:1c.0: bridge window [mem 0x00100000-0x000fffff] to [bus 04] add_size 200000 add_align 100000
[Fri Jun 12 13:57:54 2026] pci 0000:00:1c.1: bridge window [io  0x1000-0x0fff] to [bus 02-03] add_size 1000
[Fri Jun 12 13:57:54 2026] pci 0000:00:1c.3: bridge window [mem 0x00100000-0x000fffff 64bit pref] to [bus 01] add_size 200000 add_align 100000
[Fri Jun 12 13:57:54 2026] pci 0000:00:1c.0: BAR 14: assigned [mem 0x40000000-0x401fffff]
[Fri Jun 12 13:57:54 2026] pci 0000:00:1c.0: BAR 15: assigned [mem 0x40200000-0x403fffff 64bit pref]
[Fri Jun 12 13:57:54 2026] pci 0000:00:1c.3: BAR 15: assigned [mem 0x40400000-0x405fffff 64bit pref]
[Fri Jun 12 13:57:54 2026] pci 0000:00:1c.0: BAR 13: assigned [io  0x1000-0x1fff]
[Fri Jun 12 13:57:54 2026] pci 0000:00:1c.1: BAR 13: assigned [io  0x2000-0x2fff]
[Fri Jun 12 13:57:54 2026] pci 0000:00:1c.0: PCI bridge to [bus 04]
[Fri Jun 12 13:57:54 2026] pci 0000:00:1c.0:   bridge window [io  0x1000-0x1fff]
[Fri Jun 12 13:57:54 2026] pci 0000:00:1c.0:   bridge window [mem 0x40000000-0x401fffff]
[Fri Jun 12 13:57:54 2026] pci 0000:00:1c.0:   bridge window [mem 0x40200000-0x403fffff 64bit pref]
[Fri Jun 12 13:57:54 2026] pci 0000:00:1c.1: PCI bridge to [bus 02-03]
[Fri Jun 12 13:57:54 2026] pci 0000:00:1c.1:   bridge window [io  0x2000-0x2fff]
[Fri Jun 12 13:57:54 2026] pci 0000:00:1c.1:   bridge window [mem 0xf8000000-0xfbffffff]
[Fri Jun 12 13:57:54 2026] pci 0000:00:1c.1:   bridge window [mem 0xf0000000-0xf6ffffff 64bit pref]
[Fri Jun 12 13:57:54 2026] pci 0000:00:1c.3: PCI bridge to [bus 01]
[Fri Jun 12 13:57:54 2026] pci 0000:00:1c.3:   bridge window [io  0xe000-0xefff]
[Fri Jun 12 13:57:54 2026] pci 0000:00:1c.3:   bridge window [mem 0xf7f00000-0xf7ffffff]
[Fri Jun 12 13:57:54 2026] pci 0000:00:1c.3:   bridge window [mem 0x40400000-0x405fffff 64bit pref]
[Fri Jun 12 13:57:54 2026] pci 0000:00:1e.0: PCI bridge to [bus 05]
[Fri Jun 12 13:57:54 2026] pci_bus 0000:00: resource 4 [io  0x0000-0x0cf7 window]
[Fri Jun 12 13:57:54 2026] pci_bus 0000:00: resource 5 [io  0x0d00-0xffff window]
[Fri Jun 12 13:57:54 2026] pci_bus 0000:00: resource 6 [mem 0x000a0000-0x000bffff window]
[Fri Jun 12 13:57:54 2026] pci_bus 0000:00: resource 7 [mem 0x000d0000-0x000dffff window]
[Fri Jun 12 13:57:54 2026] pci_bus 0000:00: resource 8 [mem 0x3f800000-0xffffffff window]
[Fri Jun 12 13:57:54 2026] pci_bus 0000:04: resource 0 [io  0x1000-0x1fff]
[Fri Jun 12 13:57:54 2026] pci_bus 0000:04: resource 1 [mem 0x40000000-0x401fffff]
[Fri Jun 12 13:57:54 2026] pci_bus 0000:04: resource 2 [mem 0x40200000-0x403fffff 64bit pref]
[Fri Jun 12 13:57:54 2026] pci_bus 0000:02: resource 0 [io  0x2000-0x2fff]
[Fri Jun 12 13:57:54 2026] pci_bus 0000:02: resource 1 [mem 0xf8000000-0xfbffffff]
[Fri Jun 12 13:57:54 2026] pci_bus 0000:02: resource 2 [mem 0xf0000000-0xf6ffffff 64bit pref]
[Fri Jun 12 13:57:54 2026] pci_bus 0000:01: resource 0 [io  0xe000-0xefff]
[Fri Jun 12 13:57:54 2026] pci_bus 0000:01: resource 1 [mem 0xf7f00000-0xf7ffffff]
[Fri Jun 12 13:57:54 2026] pci_bus 0000:01: resource 2 [mem 0x40400000-0x405fffff 64bit pref]
[Fri Jun 12 13:57:54 2026] pci_bus 0000:05: resource 4 [io  0x0000-0x0cf7 window]
[Fri Jun 12 13:57:54 2026] pci_bus 0000:05: resource 5 [io  0x0d00-0xffff window]
[Fri Jun 12 13:57:54 2026] pci_bus 0000:05: resource 6 [mem 0x000a0000-0x000bffff window]
[Fri Jun 12 13:57:54 2026] pci_bus 0000:05: resource 7 [mem 0x000d0000-0x000dffff window]
[Fri Jun 12 13:57:54 2026] pci_bus 0000:05: resource 8 [mem 0x3f800000-0xffffffff window]
[Fri Jun 12 13:57:54 2026] PCI: CLS 32 bytes, default 64
[Fri Jun 12 13:57:54 2026] Trying to unpack rootfs image as initramfs...
[Fri Jun 12 13:57:57 2026] Freeing initrd memory: 56132K
[Fri Jun 12 13:57:57 2026] pcieport 0000:00:1c.0: enabling device (0104 -> 0107)
[Fri Jun 12 13:57:57 2026] pcieport 0000:00:1c.1: enabling device (0106 -> 0107)
[Fri Jun 12 13:57:57 2026] shpchp: Standard Hot Plug PCI Controller Driver version: 0.4
[Fri Jun 12 13:57:57 2026] clocksource: Checking clocksource tsc synchronization from CPU 0 to CPUs 1.
[Fri Jun 12 13:57:57 2026] thermal LNXTHERM:00: registered as thermal_zone0
[Fri Jun 12 13:57:57 2026] ACPI: thermal: Thermal Zone [TZ00] (65 C)
[Fri Jun 12 13:57:58 2026] rtc_cmos 00:01: alarms up to one month, 114 bytes nvram, hpet irqs
[Fri Jun 12 13:57:58 2026] intel_pstate: CPU model not supported
[Fri Jun 12 13:57:58 2026] ledtrig-cpu: registered to indicate activity on CPUs
[Fri Jun 12 13:57:58 2026] microcode: sig=0x106c2, pf=0x4, revision=0x218
[Fri Jun 12 13:57:58 2026] microcode: Microcode Update Driver: v2.2.
[Fri Jun 12 13:58:00 2026] Freeing unused kernel image (initmem) memory: 924K
[Fri Jun 12 13:58:00 2026] Write protecting kernel text and read-only data: 12652k
[Fri Jun 12 13:58:00 2026] NX-protecting the kernel data: 6924k
[Fri Jun 12 13:58:01 2026] ACPI: button: Lid Switch [LID]
[Fri Jun 12 13:58:01 2026] ACPI: button: Sleep Button [SLPB]
[Fri Jun 12 13:58:01 2026] ACPI: button: Power Button [PWRB]
[Fri Jun 12 13:58:01 2026] ACPI: button: Power Button [PWRF]
[Fri Jun 12 13:58:01 2026] ACPI: video: Video Device [VGA] (multi-head: yes  rom: no  post: no)
[Fri Jun 12 13:58:01 2026] input: Video Bus as /devices/LNXSYSTM:00/LNXSYBUS:00/PNP0A08:00/LNXVIDEO:00/input/input6
[Fri Jun 12 13:58:02 2026] ACPI Warning: SystemIO range [redacted-wwn]-[redacted-wwn] conflicts with OpRegion [redacted-wwn]-[redacted-wwn] (\PMIO) (20220331/utaddress-204)
[Fri Jun 12 13:58:02 2026] ACPI Warning: SystemIO range [redacted-wwn]-[redacted-wwn] conflicts with OpRegion [redacted-wwn]-[redacted-wwn] (\_SB.PCI0.SBRG.PMS0) (20220331/utaddress-204)
[Fri Jun 12 13:58:02 2026] ACPI: OSL: Resource conflict; ACPI support missing from driver?
[Fri Jun 12 13:58:02 2026] ACPI Warning: SystemIO range [redacted-wwn]-[redacted-wwn] conflicts with OpRegion [redacted-wwn]-[redacted-wwn] (\_SB.PCI0.SBRG.GPBX) (20220331/utaddress-204)
[Fri Jun 12 13:58:02 2026] ACPI: OSL: Resource conflict; ACPI support missing from driver?
[Fri Jun 12 13:58:02 2026] ACPI Warning: SystemIO range [redacted-wwn]-[redacted-wwn] conflicts with OpRegion [redacted-wwn]-[redacted-wwn] (\_SB.PCI0.SBRG.GPBX) (20220331/utaddress-204)
[Fri Jun 12 13:58:02 2026] ACPI: OSL: Resource conflict; ACPI support missing from driver?
[Fri Jun 12 13:58:02 2026] ACPI: bus type drm_connector registered
[Fri Jun 12 13:58:02 2026] ACPI: bus type USB registered
[Fri Jun 12 13:58:02 2026] usbcore: registered new interface driver usbfs
[Fri Jun 12 13:58:02 2026] usbcore: registered new interface driver hub
[Fri Jun 12 13:58:02 2026] usbcore: registered new device driver usb
[Fri Jun 12 13:58:02 2026] ACPI: battery: Slot [BAT0] (battery present)
[Fri Jun 12 13:58:02 2026] ehci-pci 0000:00:1d.7: EHCI Host Controller
[Fri Jun 12 13:58:02 2026] ehci-pci 0000:00:1d.7: new USB bus registered, assigned bus number 1
[Fri Jun 12 13:58:02 2026] ehci-pci 0000:00:1d.7: debug port 1
[Fri Jun 12 13:58:02 2026] ehci-pci 0000:00:1d.7: irq 23, io mem 0xf7db7c00
[Fri Jun 12 13:58:02 2026] ehci-pci 0000:00:1d.7: USB 2.0 started, EHCI 1.00
[Fri Jun 12 13:58:02 2026] usb usb1: New USB device found, idVendor=1d6b, idProduct=0002, bcdDevice= 6.01
[Fri Jun 12 13:58:02 2026] usb usb1: New USB device strings: Mfr=3, Product=2, SerialNumber=1
[Fri Jun 12 13:58:02 2026] usb usb1: Product: EHCI Host Controller
[Fri Jun 12 13:58:02 2026] usb usb1: Manufacturer: Linux 6.1.0-39-686-pae ehci_hcd
[Fri Jun 12 13:58:02 2026] usb usb1: SerialNumber: 0000:00:1d.7
[Fri Jun 12 13:58:02 2026] hub 1-0:1.0: USB hub found
[Fri Jun 12 13:58:02 2026] uhci_hcd 0000:00:1d.0: new USB bus registered, assigned bus number 2
[Fri Jun 12 13:58:02 2026] usb usb2: New USB device found, idVendor=1d6b, idProduct=0001, bcdDevice= 6.01
[Fri Jun 12 13:58:02 2026] usb usb2: New USB device strings: Mfr=3, Product=2, SerialNumber=1
[Fri Jun 12 13:58:02 2026] usb usb2: Product: UHCI Host Controller
